Archive member included because of file (symbol)

/Users/brandonwalsh/pebble-dev/PebbleSDK-3.0-dp3/Pebble/aplite/lib/libpebble.a(tmpPZqFWZpebble.o)
                              src/main.c.18.o (app_event_loop)

Allocating common symbols
Common symbol       size              file

no_items            0x1               src/main.c.18.o
decks               0x190             src/main.c.18.o

Discarded input sections

 .text          0x0000000000000000        0x0 /Users/brandonwalsh/pebble-dev/PebbleSDK-3.0-dp3/arm-cs-tools/bin/../lib/gcc/arm-none-eabi/4.7.2/thumb2/crti.o
 .bss           0x0000000000000000        0x0 /Users/brandonwalsh/pebble-dev/PebbleSDK-3.0-dp3/arm-cs-tools/bin/../lib/gcc/arm-none-eabi/4.7.2/thumb2/crti.o
 .init          0x0000000000000000        0x4 /Users/brandonwalsh/pebble-dev/PebbleSDK-3.0-dp3/arm-cs-tools/bin/../lib/gcc/arm-none-eabi/4.7.2/thumb2/crti.o
 .fini          0x0000000000000000        0x4 /Users/brandonwalsh/pebble-dev/PebbleSDK-3.0-dp3/arm-cs-tools/bin/../lib/gcc/arm-none-eabi/4.7.2/thumb2/crti.o
 .text          0x0000000000000000       0xc8 /Users/brandonwalsh/pebble-dev/PebbleSDK-3.0-dp3/arm-cs-tools/bin/../lib/gcc/arm-none-eabi/4.7.2/thumb2/crtbegin.o
 .bss           0x0000000000000000       0x1c /Users/brandonwalsh/pebble-dev/PebbleSDK-3.0-dp3/arm-cs-tools/bin/../lib/gcc/arm-none-eabi/4.7.2/thumb2/crtbegin.o
 .init_array    0x0000000000000000        0x4 /Users/brandonwalsh/pebble-dev/PebbleSDK-3.0-dp3/arm-cs-tools/bin/../lib/gcc/arm-none-eabi/4.7.2/thumb2/crtbegin.o
 .fini_array    0x0000000000000000        0x4 /Users/brandonwalsh/pebble-dev/PebbleSDK-3.0-dp3/arm-cs-tools/bin/../lib/gcc/arm-none-eabi/4.7.2/thumb2/crtbegin.o
 .eh_frame      0x0000000000000000        0x0 /Users/brandonwalsh/pebble-dev/PebbleSDK-3.0-dp3/arm-cs-tools/bin/../lib/gcc/arm-none-eabi/4.7.2/thumb2/crtbegin.o
 .jcr           0x0000000000000000        0x0 /Users/brandonwalsh/pebble-dev/PebbleSDK-3.0-dp3/arm-cs-tools/bin/../lib/gcc/arm-none-eabi/4.7.2/thumb2/crtbegin.o
 .tm_clone_table
                0x0000000000000000        0x0 /Users/brandonwalsh/pebble-dev/PebbleSDK-3.0-dp3/arm-cs-tools/bin/../lib/gcc/arm-none-eabi/4.7.2/thumb2/crtbegin.o
 .text          0x0000000000000000        0x0 src/main.c.18.o
 .bss           0x0000000000000000        0x0 src/main.c.18.o
 .text.sync_error_callback
                0x0000000000000000       0x7c src/main.c.18.o
 .text          0x0000000000000000        0x0 aplite/appinfo.auto.c.18.o
 .bss           0x0000000000000000        0x0 aplite/appinfo.auto.c.18.o
 .bss           0x0000000000000000        0x0 /Users/brandonwalsh/pebble-dev/PebbleSDK-3.0-dp3/Pebble/aplite/lib/libpebble.a(tmpPZqFWZpebble.o)
 .text.accel_data_service_subscribe__deprecated
                0x0000000000000000        0xc /Users/brandonwalsh/pebble-dev/PebbleSDK-3.0-dp3/Pebble/aplite/lib/libpebble.a(tmpPZqFWZpebble.o)
 .text.accel_data_service_unsubscribe
                0x0000000000000000        0xc /Users/brandonwalsh/pebble-dev/PebbleSDK-3.0-dp3/Pebble/aplite/lib/libpebble.a(tmpPZqFWZpebble.o)
 .text.accel_service_peek
                0x0000000000000000        0xc /Users/brandonwalsh/pebble-dev/PebbleSDK-3.0-dp3/Pebble/aplite/lib/libpebble.a(tmpPZqFWZpebble.o)
 .text.accel_service_set_samples_per_update
                0x0000000000000000        0xc /Users/brandonwalsh/pebble-dev/PebbleSDK-3.0-dp3/Pebble/aplite/lib/libpebble.a(tmpPZqFWZpebble.o)
 .text.accel_service_set_sampling_rate
                0x0000000000000000        0xc /Users/brandonwalsh/pebble-dev/PebbleSDK-3.0-dp3/Pebble/aplite/lib/libpebble.a(tmpPZqFWZpebble.o)
 .text.accel_tap_service_subscribe
                0x0000000000000000        0xc /Users/brandonwalsh/pebble-dev/PebbleSDK-3.0-dp3/Pebble/aplite/lib/libpebble.a(tmpPZqFWZpebble.o)
 .text.accel_tap_service_unsubscribe
                0x0000000000000000        0xc /Users/brandonwalsh/pebble-dev/PebbleSDK-3.0-dp3/Pebble/aplite/lib/libpebble.a(tmpPZqFWZpebble.o)
 .text.action_bar_layer_add_to_window
                0x0000000000000000        0xc /Users/brandonwalsh/pebble-dev/PebbleSDK-3.0-dp3/Pebble/aplite/lib/libpebble.a(tmpPZqFWZpebble.o)
 .text.action_bar_layer_clear_icon
                0x0000000000000000        0xc /Users/brandonwalsh/pebble-dev/PebbleSDK-3.0-dp3/Pebble/aplite/lib/libpebble.a(tmpPZqFWZpebble.o)
 .text.action_bar_layer_create
                0x0000000000000000        0xc /Users/brandonwalsh/pebble-dev/PebbleSDK-3.0-dp3/Pebble/aplite/lib/libpebble.a(tmpPZqFWZpebble.o)
 .text.action_bar_layer_destroy
                0x0000000000000000        0xc /Users/brandonwalsh/pebble-dev/PebbleSDK-3.0-dp3/Pebble/aplite/lib/libpebble.a(tmpPZqFWZpebble.o)
 .text.action_bar_layer_get_layer
                0x0000000000000000        0xc /Users/brandonwalsh/pebble-dev/PebbleSDK-3.0-dp3/Pebble/aplite/lib/libpebble.a(tmpPZqFWZpebble.o)
 .text.action_bar_layer_remove_from_window
                0x0000000000000000        0xc /Users/brandonwalsh/pebble-dev/PebbleSDK-3.0-dp3/Pebble/aplite/lib/libpebble.a(tmpPZqFWZpebble.o)
 .text.action_bar_layer_set_background_color
                0x0000000000000000        0xc /Users/brandonwalsh/pebble-dev/PebbleSDK-3.0-dp3/Pebble/aplite/lib/libpebble.a(tmpPZqFWZpebble.o)
 .text.action_bar_layer_set_click_config_provider
                0x0000000000000000        0xc /Users/brandonwalsh/pebble-dev/PebbleSDK-3.0-dp3/Pebble/aplite/lib/libpebble.a(tmpPZqFWZpebble.o)
 .text.action_bar_layer_set_context
                0x0000000000000000        0xc /Users/brandonwalsh/pebble-dev/PebbleSDK-3.0-dp3/Pebble/aplite/lib/libpebble.a(tmpPZqFWZpebble.o)
 .text.action_bar_layer_set_icon
                0x0000000000000000        0xc /Users/brandonwalsh/pebble-dev/PebbleSDK-3.0-dp3/Pebble/aplite/lib/libpebble.a(tmpPZqFWZpebble.o)
 .text.animation_create
                0x0000000000000000        0xc /Users/brandonwalsh/pebble-dev/PebbleSDK-3.0-dp3/Pebble/aplite/lib/libpebble.a(tmpPZqFWZpebble.o)
 .text.animation_destroy
                0x0000000000000000        0xc /Users/brandonwalsh/pebble-dev/PebbleSDK-3.0-dp3/Pebble/aplite/lib/libpebble.a(tmpPZqFWZpebble.o)
 .text.animation_get_context
                0x0000000000000000        0xc /Users/brandonwalsh/pebble-dev/PebbleSDK-3.0-dp3/Pebble/aplite/lib/libpebble.a(tmpPZqFWZpebble.o)
 .text.animation_is_scheduled
                0x0000000000000000        0xc /Users/brandonwalsh/pebble-dev/PebbleSDK-3.0-dp3/Pebble/aplite/lib/libpebble.a(tmpPZqFWZpebble.o)
 .text.animation_schedule
                0x0000000000000000        0xc /Users/brandonwalsh/pebble-dev/PebbleSDK-3.0-dp3/Pebble/aplite/lib/libpebble.a(tmpPZqFWZpebble.o)
 .text.animation_set_curve
                0x0000000000000000        0xc /Users/brandonwalsh/pebble-dev/PebbleSDK-3.0-dp3/Pebble/aplite/lib/libpebble.a(tmpPZqFWZpebble.o)
 .text.animation_set_delay
                0x0000000000000000        0xc /Users/brandonwalsh/pebble-dev/PebbleSDK-3.0-dp3/Pebble/aplite/lib/libpebble.a(tmpPZqFWZpebble.o)
 .text.animation_set_duration
                0x0000000000000000        0xc /Users/brandonwalsh/pebble-dev/PebbleSDK-3.0-dp3/Pebble/aplite/lib/libpebble.a(tmpPZqFWZpebble.o)
 .text.animation_set_handlers
                0x0000000000000000        0xc /Users/brandonwalsh/pebble-dev/PebbleSDK-3.0-dp3/Pebble/aplite/lib/libpebble.a(tmpPZqFWZpebble.o)
 .text.animation_set_implementation
                0x0000000000000000        0xc /Users/brandonwalsh/pebble-dev/PebbleSDK-3.0-dp3/Pebble/aplite/lib/libpebble.a(tmpPZqFWZpebble.o)
 .text.animation_unschedule
                0x0000000000000000        0xc /Users/brandonwalsh/pebble-dev/PebbleSDK-3.0-dp3/Pebble/aplite/lib/libpebble.a(tmpPZqFWZpebble.o)
 .text.animation_unschedule_all
                0x0000000000000000        0xc /Users/brandonwalsh/pebble-dev/PebbleSDK-3.0-dp3/Pebble/aplite/lib/libpebble.a(tmpPZqFWZpebble.o)
 .text.app_comm_get_sniff_interval
                0x0000000000000000        0xc /Users/brandonwalsh/pebble-dev/PebbleSDK-3.0-dp3/Pebble/aplite/lib/libpebble.a(tmpPZqFWZpebble.o)
 .text.app_comm_set_sniff_interval
                0x0000000000000000        0xc /Users/brandonwalsh/pebble-dev/PebbleSDK-3.0-dp3/Pebble/aplite/lib/libpebble.a(tmpPZqFWZpebble.o)
 .text.app_message_deregister_callbacks
                0x0000000000000000        0xc /Users/brandonwalsh/pebble-dev/PebbleSDK-3.0-dp3/Pebble/aplite/lib/libpebble.a(tmpPZqFWZpebble.o)
 .text.app_sync_deinit
                0x0000000000000000        0xc /Users/brandonwalsh/pebble-dev/PebbleSDK-3.0-dp3/Pebble/aplite/lib/libpebble.a(tmpPZqFWZpebble.o)
 .text.app_sync_get
                0x0000000000000000        0xc /Users/brandonwalsh/pebble-dev/PebbleSDK-3.0-dp3/Pebble/aplite/lib/libpebble.a(tmpPZqFWZpebble.o)
 .text.app_sync_init
                0x0000000000000000        0xc /Users/brandonwalsh/pebble-dev/PebbleSDK-3.0-dp3/Pebble/aplite/lib/libpebble.a(tmpPZqFWZpebble.o)
 .text.app_sync_set
                0x0000000000000000        0xc /Users/brandonwalsh/pebble-dev/PebbleSDK-3.0-dp3/Pebble/aplite/lib/libpebble.a(tmpPZqFWZpebble.o)
 .text.app_timer_cancel
                0x0000000000000000        0xc /Users/brandonwalsh/pebble-dev/PebbleSDK-3.0-dp3/Pebble/aplite/lib/libpebble.a(tmpPZqFWZpebble.o)
 .text.app_timer_register
                0x0000000000000000        0xc /Users/brandonwalsh/pebble-dev/PebbleSDK-3.0-dp3/Pebble/aplite/lib/libpebble.a(tmpPZqFWZpebble.o)
 .text.app_timer_reschedule
                0x0000000000000000        0xc /Users/brandonwalsh/pebble-dev/PebbleSDK-3.0-dp3/Pebble/aplite/lib/libpebble.a(tmpPZqFWZpebble.o)
 .text.atan2_lookup
                0x0000000000000000        0xc /Users/brandonwalsh/pebble-dev/PebbleSDK-3.0-dp3/Pebble/aplite/lib/libpebble.a(tmpPZqFWZpebble.o)
 .text.atoi     0x0000000000000000        0xc /Users/brandonwalsh/pebble-dev/PebbleSDK-3.0-dp3/Pebble/aplite/lib/libpebble.a(tmpPZqFWZpebble.o)
 .text.atol     0x0000000000000000        0xc /Users/brandonwalsh/pebble-dev/PebbleSDK-3.0-dp3/Pebble/aplite/lib/libpebble.a(tmpPZqFWZpebble.o)
 .text.battery_state_service_peek
                0x0000000000000000        0xc /Users/brandonwalsh/pebble-dev/PebbleSDK-3.0-dp3/Pebble/aplite/lib/libpebble.a(tmpPZqFWZpebble.o)
 .text.battery_state_service_subscribe
                0x0000000000000000        0xc /Users/brandonwalsh/pebble-dev/PebbleSDK-3.0-dp3/Pebble/aplite/lib/libpebble.a(tmpPZqFWZpebble.o)
 .text.battery_state_service_unsubscribe
                0x0000000000000000        0xc /Users/brandonwalsh/pebble-dev/PebbleSDK-3.0-dp3/Pebble/aplite/lib/libpebble.a(tmpPZqFWZpebble.o)
 .text.bitmap_layer_create
                0x0000000000000000        0xc /Users/brandonwalsh/pebble-dev/PebbleSDK-3.0-dp3/Pebble/aplite/lib/libpebble.a(tmpPZqFWZpebble.o)
 .text.bitmap_layer_destroy
                0x0000000000000000        0xc /Users/brandonwalsh/pebble-dev/PebbleSDK-3.0-dp3/Pebble/aplite/lib/libpebble.a(tmpPZqFWZpebble.o)
 .text.bitmap_layer_get_layer
                0x0000000000000000        0xc /Users/brandonwalsh/pebble-dev/PebbleSDK-3.0-dp3/Pebble/aplite/lib/libpebble.a(tmpPZqFWZpebble.o)
 .text.bitmap_layer_set_alignment
                0x0000000000000000        0xc /Users/brandonwalsh/pebble-dev/PebbleSDK-3.0-dp3/Pebble/aplite/lib/libpebble.a(tmpPZqFWZpebble.o)
 .text.bitmap_layer_set_background_color
                0x0000000000000000        0xc /Users/brandonwalsh/pebble-dev/PebbleSDK-3.0-dp3/Pebble/aplite/lib/libpebble.a(tmpPZqFWZpebble.o)
 .text.bitmap_layer_set_bitmap
                0x0000000000000000        0xc /Users/brandonwalsh/pebble-dev/PebbleSDK-3.0-dp3/Pebble/aplite/lib/libpebble.a(tmpPZqFWZpebble.o)
 .text.bitmap_layer_set_compositing_mode
                0x0000000000000000        0xc /Users/brandonwalsh/pebble-dev/PebbleSDK-3.0-dp3/Pebble/aplite/lib/libpebble.a(tmpPZqFWZpebble.o)
 .text.bluetooth_connection_service_subscribe
                0x0000000000000000        0xc /Users/brandonwalsh/pebble-dev/PebbleSDK-3.0-dp3/Pebble/aplite/lib/libpebble.a(tmpPZqFWZpebble.o)
 .text.bluetooth_connection_service_unsubscribe
                0x0000000000000000        0xc /Users/brandonwalsh/pebble-dev/PebbleSDK-3.0-dp3/Pebble/aplite/lib/libpebble.a(tmpPZqFWZpebble.o)
 .text.click_number_of_clicks_counted
                0x0000000000000000        0xc /Users/brandonwalsh/pebble-dev/PebbleSDK-3.0-dp3/Pebble/aplite/lib/libpebble.a(tmpPZqFWZpebble.o)
 .text.click_recognizer_get_button_id
                0x0000000000000000        0xc /Users/brandonwalsh/pebble-dev/PebbleSDK-3.0-dp3/Pebble/aplite/lib/libpebble.a(tmpPZqFWZpebble.o)
 .text.clock_copy_time_string
                0x0000000000000000        0xc /Users/brandonwalsh/pebble-dev/PebbleSDK-3.0-dp3/Pebble/aplite/lib/libpebble.a(tmpPZqFWZpebble.o)
 .text.clock_is_24h_style
                0x0000000000000000        0xc /Users/brandonwalsh/pebble-dev/PebbleSDK-3.0-dp3/Pebble/aplite/lib/libpebble.a(tmpPZqFWZpebble.o)
 .text.cos_lookup
                0x0000000000000000        0xc /Users/brandonwalsh/pebble-dev/PebbleSDK-3.0-dp3/Pebble/aplite/lib/libpebble.a(tmpPZqFWZpebble.o)
 .text.data_logging_create
                0x0000000000000000        0xc /Users/brandonwalsh/pebble-dev/PebbleSDK-3.0-dp3/Pebble/aplite/lib/libpebble.a(tmpPZqFWZpebble.o)
 .text.data_logging_finish
                0x0000000000000000        0xc /Users/brandonwalsh/pebble-dev/PebbleSDK-3.0-dp3/Pebble/aplite/lib/libpebble.a(tmpPZqFWZpebble.o)
 .text.data_logging_log
                0x0000000000000000        0xc /Users/brandonwalsh/pebble-dev/PebbleSDK-3.0-dp3/Pebble/aplite/lib/libpebble.a(tmpPZqFWZpebble.o)
 .text.dict_calc_buffer_size
                0x0000000000000000        0xc /Users/brandonwalsh/pebble-dev/PebbleSDK-3.0-dp3/Pebble/aplite/lib/libpebble.a(tmpPZqFWZpebble.o)
 .text.dict_calc_buffer_size_from_tuplets
                0x0000000000000000        0xc /Users/brandonwalsh/pebble-dev/PebbleSDK-3.0-dp3/Pebble/aplite/lib/libpebble.a(tmpPZqFWZpebble.o)
 .text.dict_find
                0x0000000000000000        0xc /Users/brandonwalsh/pebble-dev/PebbleSDK-3.0-dp3/Pebble/aplite/lib/libpebble.a(tmpPZqFWZpebble.o)
 .text.dict_merge
                0x0000000000000000        0xc /Users/brandonwalsh/pebble-dev/PebbleSDK-3.0-dp3/Pebble/aplite/lib/libpebble.a(tmpPZqFWZpebble.o)
 .text.dict_read_begin_from_buffer
                0x0000000000000000        0xc /Users/brandonwalsh/pebble-dev/PebbleSDK-3.0-dp3/Pebble/aplite/lib/libpebble.a(tmpPZqFWZpebble.o)
 .text.dict_serialize_tuplets
                0x0000000000000000        0xc /Users/brandonwalsh/pebble-dev/PebbleSDK-3.0-dp3/Pebble/aplite/lib/libpebble.a(tmpPZqFWZpebble.o)
 .text.dict_serialize_tuplets_to_buffer__deprecated
                0x0000000000000000        0xc /Users/brandonwalsh/pebble-dev/PebbleSDK-3.0-dp3/Pebble/aplite/lib/libpebble.a(tmpPZqFWZpebble.o)
 .text.dict_serialize_tuplets_to_buffer_with_iter
                0x0000000000000000        0xc /Users/brandonwalsh/pebble-dev/PebbleSDK-3.0-dp3/Pebble/aplite/lib/libpebble.a(tmpPZqFWZpebble.o)
 .text.dict_write_begin
                0x0000000000000000        0xc /Users/brandonwalsh/pebble-dev/PebbleSDK-3.0-dp3/Pebble/aplite/lib/libpebble.a(tmpPZqFWZpebble.o)
 .text.dict_write_cstring
                0x0000000000000000        0xc /Users/brandonwalsh/pebble-dev/PebbleSDK-3.0-dp3/Pebble/aplite/lib/libpebble.a(tmpPZqFWZpebble.o)
 .text.dict_write_data
                0x0000000000000000        0xc /Users/brandonwalsh/pebble-dev/PebbleSDK-3.0-dp3/Pebble/aplite/lib/libpebble.a(tmpPZqFWZpebble.o)
 .text.dict_write_end
                0x0000000000000000        0xc /Users/brandonwalsh/pebble-dev/PebbleSDK-3.0-dp3/Pebble/aplite/lib/libpebble.a(tmpPZqFWZpebble.o)
 .text.dict_write_int
                0x0000000000000000        0xc /Users/brandonwalsh/pebble-dev/PebbleSDK-3.0-dp3/Pebble/aplite/lib/libpebble.a(tmpPZqFWZpebble.o)
 .text.dict_write_int16
                0x0000000000000000        0xc /Users/brandonwalsh/pebble-dev/PebbleSDK-3.0-dp3/Pebble/aplite/lib/libpebble.a(tmpPZqFWZpebble.o)
 .text.dict_write_int32
                0x0000000000000000        0xc /Users/brandonwalsh/pebble-dev/PebbleSDK-3.0-dp3/Pebble/aplite/lib/libpebble.a(tmpPZqFWZpebble.o)
 .text.dict_write_int8
                0x0000000000000000        0xc /Users/brandonwalsh/pebble-dev/PebbleSDK-3.0-dp3/Pebble/aplite/lib/libpebble.a(tmpPZqFWZpebble.o)
 .text.dict_write_tuplet
                0x0000000000000000        0xc /Users/brandonwalsh/pebble-dev/PebbleSDK-3.0-dp3/Pebble/aplite/lib/libpebble.a(tmpPZqFWZpebble.o)
 .text.dict_write_uint16
                0x0000000000000000        0xc /Users/brandonwalsh/pebble-dev/PebbleSDK-3.0-dp3/Pebble/aplite/lib/libpebble.a(tmpPZqFWZpebble.o)
 .text.dict_write_uint32
                0x0000000000000000        0xc /Users/brandonwalsh/pebble-dev/PebbleSDK-3.0-dp3/Pebble/aplite/lib/libpebble.a(tmpPZqFWZpebble.o)
 .text.dict_write_uint8
                0x0000000000000000        0xc /Users/brandonwalsh/pebble-dev/PebbleSDK-3.0-dp3/Pebble/aplite/lib/libpebble.a(tmpPZqFWZpebble.o)
 .text.fonts_load_custom_font
                0x0000000000000000        0xc /Users/brandonwalsh/pebble-dev/PebbleSDK-3.0-dp3/Pebble/aplite/lib/libpebble.a(tmpPZqFWZpebble.o)
 .text.fonts_unload_custom_font
                0x0000000000000000        0xc /Users/brandonwalsh/pebble-dev/PebbleSDK-3.0-dp3/Pebble/aplite/lib/libpebble.a(tmpPZqFWZpebble.o)
 .text.free     0x0000000000000000        0xc /Users/brandonwalsh/pebble-dev/PebbleSDK-3.0-dp3/Pebble/aplite/lib/libpebble.a(tmpPZqFWZpebble.o)
 .text.gbitmap_create_as_sub_bitmap
                0x0000000000000000        0xc /Users/brandonwalsh/pebble-dev/PebbleSDK-3.0-dp3/Pebble/aplite/lib/libpebble.a(tmpPZqFWZpebble.o)
 .text.gbitmap_create_with_data
                0x0000000000000000        0xc /Users/brandonwalsh/pebble-dev/PebbleSDK-3.0-dp3/Pebble/aplite/lib/libpebble.a(tmpPZqFWZpebble.o)
 .text.gbitmap_create_with_resource
                0x0000000000000000        0xc /Users/brandonwalsh/pebble-dev/PebbleSDK-3.0-dp3/Pebble/aplite/lib/libpebble.a(tmpPZqFWZpebble.o)
 .text.gbitmap_destroy
                0x0000000000000000        0xc /Users/brandonwalsh/pebble-dev/PebbleSDK-3.0-dp3/Pebble/aplite/lib/libpebble.a(tmpPZqFWZpebble.o)
 .text.gmtime   0x0000000000000000        0xc /Users/brandonwalsh/pebble-dev/PebbleSDK-3.0-dp3/Pebble/aplite/lib/libpebble.a(tmpPZqFWZpebble.o)
 .text.gpath_create
                0x0000000000000000        0xc /Users/brandonwalsh/pebble-dev/PebbleSDK-3.0-dp3/Pebble/aplite/lib/libpebble.a(tmpPZqFWZpebble.o)
 .text.gpath_destroy
                0x0000000000000000        0xc /Users/brandonwalsh/pebble-dev/PebbleSDK-3.0-dp3/Pebble/aplite/lib/libpebble.a(tmpPZqFWZpebble.o)
 .text.gpath_draw_filled_legacy
                0x0000000000000000        0xc /Users/brandonwalsh/pebble-dev/PebbleSDK-3.0-dp3/Pebble/aplite/lib/libpebble.a(tmpPZqFWZpebble.o)
 .text.gpath_draw_outline
                0x0000000000000000        0xc /Users/brandonwalsh/pebble-dev/PebbleSDK-3.0-dp3/Pebble/aplite/lib/libpebble.a(tmpPZqFWZpebble.o)
 .text.gpath_move_to
                0x0000000000000000        0xc /Users/brandonwalsh/pebble-dev/PebbleSDK-3.0-dp3/Pebble/aplite/lib/libpebble.a(tmpPZqFWZpebble.o)
 .text.gpath_rotate_to
                0x0000000000000000        0xc /Users/brandonwalsh/pebble-dev/PebbleSDK-3.0-dp3/Pebble/aplite/lib/libpebble.a(tmpPZqFWZpebble.o)
 .text.gpoint_equal
                0x0000000000000000        0xc /Users/brandonwalsh/pebble-dev/PebbleSDK-3.0-dp3/Pebble/aplite/lib/libpebble.a(tmpPZqFWZpebble.o)
 .text.graphics_context_set_compositing_mode
                0x0000000000000000        0xc /Users/brandonwalsh/pebble-dev/PebbleSDK-3.0-dp3/Pebble/aplite/lib/libpebble.a(tmpPZqFWZpebble.o)
 .text.graphics_context_set_fill_color
                0x0000000000000000        0xc /Users/brandonwalsh/pebble-dev/PebbleSDK-3.0-dp3/Pebble/aplite/lib/libpebble.a(tmpPZqFWZpebble.o)
 .text.graphics_context_set_stroke_color
                0x0000000000000000        0xc /Users/brandonwalsh/pebble-dev/PebbleSDK-3.0-dp3/Pebble/aplite/lib/libpebble.a(tmpPZqFWZpebble.o)
 .text.graphics_context_set_text_color
                0x0000000000000000        0xc /Users/brandonwalsh/pebble-dev/PebbleSDK-3.0-dp3/Pebble/aplite/lib/libpebble.a(tmpPZqFWZpebble.o)
 .text.graphics_draw_bitmap_in_rect
                0x0000000000000000        0xc /Users/brandonwalsh/pebble-dev/PebbleSDK-3.0-dp3/Pebble/aplite/lib/libpebble.a(tmpPZqFWZpebble.o)
 .text.graphics_draw_circle
                0x0000000000000000        0xc /Users/brandonwalsh/pebble-dev/PebbleSDK-3.0-dp3/Pebble/aplite/lib/libpebble.a(tmpPZqFWZpebble.o)
 .text.graphics_draw_line
                0x0000000000000000        0xc /Users/brandonwalsh/pebble-dev/PebbleSDK-3.0-dp3/Pebble/aplite/lib/libpebble.a(tmpPZqFWZpebble.o)
 .text.graphics_draw_pixel
                0x0000000000000000        0xc /Users/brandonwalsh/pebble-dev/PebbleSDK-3.0-dp3/Pebble/aplite/lib/libpebble.a(tmpPZqFWZpebble.o)
 .text.graphics_draw_rect
                0x0000000000000000        0xc /Users/brandonwalsh/pebble-dev/PebbleSDK-3.0-dp3/Pebble/aplite/lib/libpebble.a(tmpPZqFWZpebble.o)
 .text.graphics_draw_round_rect
                0x0000000000000000        0xc /Users/brandonwalsh/pebble-dev/PebbleSDK-3.0-dp3/Pebble/aplite/lib/libpebble.a(tmpPZqFWZpebble.o)
 .text.graphics_fill_circle
                0x0000000000000000        0xc /Users/brandonwalsh/pebble-dev/PebbleSDK-3.0-dp3/Pebble/aplite/lib/libpebble.a(tmpPZqFWZpebble.o)
 .text.graphics_fill_rect
                0x0000000000000000        0xc /Users/brandonwalsh/pebble-dev/PebbleSDK-3.0-dp3/Pebble/aplite/lib/libpebble.a(tmpPZqFWZpebble.o)
 .text.graphics_text_layout_get_max_used_size
                0x0000000000000000        0xc /Users/brandonwalsh/pebble-dev/PebbleSDK-3.0-dp3/Pebble/aplite/lib/libpebble.a(tmpPZqFWZpebble.o)
 .text.grect_align
                0x0000000000000000        0xc /Users/brandonwalsh/pebble-dev/PebbleSDK-3.0-dp3/Pebble/aplite/lib/libpebble.a(tmpPZqFWZpebble.o)
 .text.grect_center_point
                0x0000000000000000        0xc /Users/brandonwalsh/pebble-dev/PebbleSDK-3.0-dp3/Pebble/aplite/lib/libpebble.a(tmpPZqFWZpebble.o)
 .text.grect_clip
                0x0000000000000000        0xc /Users/brandonwalsh/pebble-dev/PebbleSDK-3.0-dp3/Pebble/aplite/lib/libpebble.a(tmpPZqFWZpebble.o)
 .text.grect_contains_point
                0x0000000000000000        0xc /Users/brandonwalsh/pebble-dev/PebbleSDK-3.0-dp3/Pebble/aplite/lib/libpebble.a(tmpPZqFWZpebble.o)
 .text.grect_crop
                0x0000000000000000        0xc /Users/brandonwalsh/pebble-dev/PebbleSDK-3.0-dp3/Pebble/aplite/lib/libpebble.a(tmpPZqFWZpebble.o)
 .text.grect_equal
                0x0000000000000000        0xc /Users/brandonwalsh/pebble-dev/PebbleSDK-3.0-dp3/Pebble/aplite/lib/libpebble.a(tmpPZqFWZpebble.o)
 .text.grect_is_empty
                0x0000000000000000        0xc /Users/brandonwalsh/pebble-dev/PebbleSDK-3.0-dp3/Pebble/aplite/lib/libpebble.a(tmpPZqFWZpebble.o)
 .text.grect_standardize
                0x0000000000000000        0xc /Users/brandonwalsh/pebble-dev/PebbleSDK-3.0-dp3/Pebble/aplite/lib/libpebble.a(tmpPZqFWZpebble.o)
 .text.gsize_equal
                0x0000000000000000        0xc /Users/brandonwalsh/pebble-dev/PebbleSDK-3.0-dp3/Pebble/aplite/lib/libpebble.a(tmpPZqFWZpebble.o)
 .text.inverter_layer_create
                0x0000000000000000        0xc /Users/brandonwalsh/pebble-dev/PebbleSDK-3.0-dp3/Pebble/aplite/lib/libpebble.a(tmpPZqFWZpebble.o)
 .text.inverter_layer_destroy
                0x0000000000000000        0xc /Users/brandonwalsh/pebble-dev/PebbleSDK-3.0-dp3/Pebble/aplite/lib/libpebble.a(tmpPZqFWZpebble.o)
 .text.inverter_layer_get_layer
                0x0000000000000000        0xc /Users/brandonwalsh/pebble-dev/PebbleSDK-3.0-dp3/Pebble/aplite/lib/libpebble.a(tmpPZqFWZpebble.o)
 .text.layer_create
                0x0000000000000000        0xc /Users/brandonwalsh/pebble-dev/PebbleSDK-3.0-dp3/Pebble/aplite/lib/libpebble.a(tmpPZqFWZpebble.o)
 .text.layer_create_with_data
                0x0000000000000000        0xc /Users/brandonwalsh/pebble-dev/PebbleSDK-3.0-dp3/Pebble/aplite/lib/libpebble.a(tmpPZqFWZpebble.o)
 .text.layer_destroy
                0x0000000000000000        0xc /Users/brandonwalsh/pebble-dev/PebbleSDK-3.0-dp3/Pebble/aplite/lib/libpebble.a(tmpPZqFWZpebble.o)
 .text.layer_get_bounds
                0x0000000000000000        0xc /Users/brandonwalsh/pebble-dev/PebbleSDK-3.0-dp3/Pebble/aplite/lib/libpebble.a(tmpPZqFWZpebble.o)
 .text.layer_get_clips
                0x0000000000000000        0xc /Users/brandonwalsh/pebble-dev/PebbleSDK-3.0-dp3/Pebble/aplite/lib/libpebble.a(tmpPZqFWZpebble.o)
 .text.layer_get_data
                0x0000000000000000        0xc /Users/brandonwalsh/pebble-dev/PebbleSDK-3.0-dp3/Pebble/aplite/lib/libpebble.a(tmpPZqFWZpebble.o)
 .text.layer_get_hidden
                0x0000000000000000        0xc /Users/brandonwalsh/pebble-dev/PebbleSDK-3.0-dp3/Pebble/aplite/lib/libpebble.a(tmpPZqFWZpebble.o)
 .text.layer_get_window
                0x0000000000000000        0xc /Users/brandonwalsh/pebble-dev/PebbleSDK-3.0-dp3/Pebble/aplite/lib/libpebble.a(tmpPZqFWZpebble.o)
 .text.layer_insert_above_sibling
                0x0000000000000000        0xc /Users/brandonwalsh/pebble-dev/PebbleSDK-3.0-dp3/Pebble/aplite/lib/libpebble.a(tmpPZqFWZpebble.o)
 .text.layer_insert_below_sibling
                0x0000000000000000        0xc /Users/brandonwalsh/pebble-dev/PebbleSDK-3.0-dp3/Pebble/aplite/lib/libpebble.a(tmpPZqFWZpebble.o)
 .text.layer_mark_dirty
                0x0000000000000000        0xc /Users/brandonwalsh/pebble-dev/PebbleSDK-3.0-dp3/Pebble/aplite/lib/libpebble.a(tmpPZqFWZpebble.o)
 .text.layer_remove_child_layers
                0x0000000000000000        0xc /Users/brandonwalsh/pebble-dev/PebbleSDK-3.0-dp3/Pebble/aplite/lib/libpebble.a(tmpPZqFWZpebble.o)
 .text.layer_remove_from_parent
                0x0000000000000000        0xc /Users/brandonwalsh/pebble-dev/PebbleSDK-3.0-dp3/Pebble/aplite/lib/libpebble.a(tmpPZqFWZpebble.o)
 .text.layer_set_bounds
                0x0000000000000000        0xc /Users/brandonwalsh/pebble-dev/PebbleSDK-3.0-dp3/Pebble/aplite/lib/libpebble.a(tmpPZqFWZpebble.o)
 .text.layer_set_clips
                0x0000000000000000        0xc /Users/brandonwalsh/pebble-dev/PebbleSDK-3.0-dp3/Pebble/aplite/lib/libpebble.a(tmpPZqFWZpebble.o)
 .text.layer_set_frame
                0x0000000000000000        0xc /Users/brandonwalsh/pebble-dev/PebbleSDK-3.0-dp3/Pebble/aplite/lib/libpebble.a(tmpPZqFWZpebble.o)
 .text.layer_set_hidden
                0x0000000000000000        0xc /Users/brandonwalsh/pebble-dev/PebbleSDK-3.0-dp3/Pebble/aplite/lib/libpebble.a(tmpPZqFWZpebble.o)
 .text.layer_set_update_proc
                0x0000000000000000        0xc /Users/brandonwalsh/pebble-dev/PebbleSDK-3.0-dp3/Pebble/aplite/lib/libpebble.a(tmpPZqFWZpebble.o)
 .text.light_enable
                0x0000000000000000        0xc /Users/brandonwalsh/pebble-dev/PebbleSDK-3.0-dp3/Pebble/aplite/lib/libpebble.a(tmpPZqFWZpebble.o)
 .text.light_enable_interaction
                0x0000000000000000        0xc /Users/brandonwalsh/pebble-dev/PebbleSDK-3.0-dp3/Pebble/aplite/lib/libpebble.a(tmpPZqFWZpebble.o)
 .text.localtime
                0x0000000000000000        0xc /Users/brandonwalsh/pebble-dev/PebbleSDK-3.0-dp3/Pebble/aplite/lib/libpebble.a(tmpPZqFWZpebble.o)
 .text.malloc   0x0000000000000000        0xc /Users/brandonwalsh/pebble-dev/PebbleSDK-3.0-dp3/Pebble/aplite/lib/libpebble.a(tmpPZqFWZpebble.o)
 .text.memcpy   0x0000000000000000        0xc /Users/brandonwalsh/pebble-dev/PebbleSDK-3.0-dp3/Pebble/aplite/lib/libpebble.a(tmpPZqFWZpebble.o)
 .text.memmove  0x0000000000000000        0xc /Users/brandonwalsh/pebble-dev/PebbleSDK-3.0-dp3/Pebble/aplite/lib/libpebble.a(tmpPZqFWZpebble.o)
 .text.menu_index_compare
                0x0000000000000000        0xc /Users/brandonwalsh/pebble-dev/PebbleSDK-3.0-dp3/Pebble/aplite/lib/libpebble.a(tmpPZqFWZpebble.o)
 .text.menu_layer_get_scroll_layer
                0x0000000000000000        0xc /Users/brandonwalsh/pebble-dev/PebbleSDK-3.0-dp3/Pebble/aplite/lib/libpebble.a(tmpPZqFWZpebble.o)
 .text.menu_layer_get_selected_index
                0x0000000000000000        0xc /Users/brandonwalsh/pebble-dev/PebbleSDK-3.0-dp3/Pebble/aplite/lib/libpebble.a(tmpPZqFWZpebble.o)
 .text.menu_layer_reload_data
                0x0000000000000000        0xc /Users/brandonwalsh/pebble-dev/PebbleSDK-3.0-dp3/Pebble/aplite/lib/libpebble.a(tmpPZqFWZpebble.o)
 .text.menu_layer_set_callbacks__deprecated
                0x0000000000000000        0xc /Users/brandonwalsh/pebble-dev/PebbleSDK-3.0-dp3/Pebble/aplite/lib/libpebble.a(tmpPZqFWZpebble.o)
 .text.menu_layer_set_selected_index
                0x0000000000000000        0xc /Users/brandonwalsh/pebble-dev/PebbleSDK-3.0-dp3/Pebble/aplite/lib/libpebble.a(tmpPZqFWZpebble.o)
 .text.menu_layer_set_selected_next
                0x0000000000000000        0xc /Users/brandonwalsh/pebble-dev/PebbleSDK-3.0-dp3/Pebble/aplite/lib/libpebble.a(tmpPZqFWZpebble.o)
 .text.number_window_create
                0x0000000000000000        0xc /Users/brandonwalsh/pebble-dev/PebbleSDK-3.0-dp3/Pebble/aplite/lib/libpebble.a(tmpPZqFWZpebble.o)
 .text.number_window_destroy
                0x0000000000000000        0xc /Users/brandonwalsh/pebble-dev/PebbleSDK-3.0-dp3/Pebble/aplite/lib/libpebble.a(tmpPZqFWZpebble.o)
 .text.number_window_get_value
                0x0000000000000000        0xc /Users/brandonwalsh/pebble-dev/PebbleSDK-3.0-dp3/Pebble/aplite/lib/libpebble.a(tmpPZqFWZpebble.o)
 .text.number_window_set_label
                0x0000000000000000        0xc /Users/brandonwalsh/pebble-dev/PebbleSDK-3.0-dp3/Pebble/aplite/lib/libpebble.a(tmpPZqFWZpebble.o)
 .text.number_window_set_max
                0x0000000000000000        0xc /Users/brandonwalsh/pebble-dev/PebbleSDK-3.0-dp3/Pebble/aplite/lib/libpebble.a(tmpPZqFWZpebble.o)
 .text.number_window_set_min
                0x0000000000000000        0xc /Users/brandonwalsh/pebble-dev/PebbleSDK-3.0-dp3/Pebble/aplite/lib/libpebble.a(tmpPZqFWZpebble.o)
 .text.number_window_set_step_size
                0x0000000000000000        0xc /Users/brandonwalsh/pebble-dev/PebbleSDK-3.0-dp3/Pebble/aplite/lib/libpebble.a(tmpPZqFWZpebble.o)
 .text.number_window_set_value
                0x0000000000000000        0xc /Users/brandonwalsh/pebble-dev/PebbleSDK-3.0-dp3/Pebble/aplite/lib/libpebble.a(tmpPZqFWZpebble.o)
 .text.persist_delete
                0x0000000000000000        0xc /Users/brandonwalsh/pebble-dev/PebbleSDK-3.0-dp3/Pebble/aplite/lib/libpebble.a(tmpPZqFWZpebble.o)
 .text.persist_get_size
                0x0000000000000000        0xc /Users/brandonwalsh/pebble-dev/PebbleSDK-3.0-dp3/Pebble/aplite/lib/libpebble.a(tmpPZqFWZpebble.o)
 .text.persist_read_bool
                0x0000000000000000        0xc /Users/brandonwalsh/pebble-dev/PebbleSDK-3.0-dp3/Pebble/aplite/lib/libpebble.a(tmpPZqFWZpebble.o)
 .text.persist_read_data__deprecated
                0x0000000000000000        0xc /Users/brandonwalsh/pebble-dev/PebbleSDK-3.0-dp3/Pebble/aplite/lib/libpebble.a(tmpPZqFWZpebble.o)
 .text.persist_read_int
                0x0000000000000000        0xc /Users/brandonwalsh/pebble-dev/PebbleSDK-3.0-dp3/Pebble/aplite/lib/libpebble.a(tmpPZqFWZpebble.o)
 .text.persist_read_string__deprecated
                0x0000000000000000        0xc /Users/brandonwalsh/pebble-dev/PebbleSDK-3.0-dp3/Pebble/aplite/lib/libpebble.a(tmpPZqFWZpebble.o)
 .text.persist_write_bool
                0x0000000000000000        0xc /Users/brandonwalsh/pebble-dev/PebbleSDK-3.0-dp3/Pebble/aplite/lib/libpebble.a(tmpPZqFWZpebble.o)
 .text.persist_write_data__deprecated
                0x0000000000000000        0xc /Users/brandonwalsh/pebble-dev/PebbleSDK-3.0-dp3/Pebble/aplite/lib/libpebble.a(tmpPZqFWZpebble.o)
 .text.persist_write_int
                0x0000000000000000        0xc /Users/brandonwalsh/pebble-dev/PebbleSDK-3.0-dp3/Pebble/aplite/lib/libpebble.a(tmpPZqFWZpebble.o)
 .text.persist_write_string
                0x0000000000000000        0xc /Users/brandonwalsh/pebble-dev/PebbleSDK-3.0-dp3/Pebble/aplite/lib/libpebble.a(tmpPZqFWZpebble.o)
 .text.property_animation_create
                0x0000000000000000        0xc /Users/brandonwalsh/pebble-dev/PebbleSDK-3.0-dp3/Pebble/aplite/lib/libpebble.a(tmpPZqFWZpebble.o)
 .text.property_animation_create_layer_frame
                0x0000000000000000        0xc /Users/brandonwalsh/pebble-dev/PebbleSDK-3.0-dp3/Pebble/aplite/lib/libpebble.a(tmpPZqFWZpebble.o)
 .text.property_animation_destroy
                0x0000000000000000        0xc /Users/brandonwalsh/pebble-dev/PebbleSDK-3.0-dp3/Pebble/aplite/lib/libpebble.a(tmpPZqFWZpebble.o)
 .text.property_animation_update_gpoint
                0x0000000000000000        0xc /Users/brandonwalsh/pebble-dev/PebbleSDK-3.0-dp3/Pebble/aplite/lib/libpebble.a(tmpPZqFWZpebble.o)
 .text.property_animation_update_grect
                0x0000000000000000        0xc /Users/brandonwalsh/pebble-dev/PebbleSDK-3.0-dp3/Pebble/aplite/lib/libpebble.a(tmpPZqFWZpebble.o)
 .text.property_animation_update_int16
                0x0000000000000000        0xc /Users/brandonwalsh/pebble-dev/PebbleSDK-3.0-dp3/Pebble/aplite/lib/libpebble.a(tmpPZqFWZpebble.o)
 .text.psleep   0x0000000000000000        0xc /Users/brandonwalsh/pebble-dev/PebbleSDK-3.0-dp3/Pebble/aplite/lib/libpebble.a(tmpPZqFWZpebble.o)
 .text.rand     0x0000000000000000        0xc /Users/brandonwalsh/pebble-dev/PebbleSDK-3.0-dp3/Pebble/aplite/lib/libpebble.a(tmpPZqFWZpebble.o)
 .text.resource_get_handle
                0x0000000000000000        0xc /Users/brandonwalsh/pebble-dev/PebbleSDK-3.0-dp3/Pebble/aplite/lib/libpebble.a(tmpPZqFWZpebble.o)
 .text.resource_load
                0x0000000000000000        0xc /Users/brandonwalsh/pebble-dev/PebbleSDK-3.0-dp3/Pebble/aplite/lib/libpebble.a(tmpPZqFWZpebble.o)
 .text.resource_load_byte_range
                0x0000000000000000        0xc /Users/brandonwalsh/pebble-dev/PebbleSDK-3.0-dp3/Pebble/aplite/lib/libpebble.a(tmpPZqFWZpebble.o)
 .text.resource_size
                0x0000000000000000        0xc /Users/brandonwalsh/pebble-dev/PebbleSDK-3.0-dp3/Pebble/aplite/lib/libpebble.a(tmpPZqFWZpebble.o)
 .text.rot_bitmap_layer_create
                0x0000000000000000        0xc /Users/brandonwalsh/pebble-dev/PebbleSDK-3.0-dp3/Pebble/aplite/lib/libpebble.a(tmpPZqFWZpebble.o)
 .text.rot_bitmap_layer_destroy
                0x0000000000000000        0xc /Users/brandonwalsh/pebble-dev/PebbleSDK-3.0-dp3/Pebble/aplite/lib/libpebble.a(tmpPZqFWZpebble.o)
 .text.rot_bitmap_layer_increment_angle
                0x0000000000000000        0xc /Users/brandonwalsh/pebble-dev/PebbleSDK-3.0-dp3/Pebble/aplite/lib/libpebble.a(tmpPZqFWZpebble.o)
 .text.rot_bitmap_layer_set_angle
                0x0000000000000000        0xc /Users/brandonwalsh/pebble-dev/PebbleSDK-3.0-dp3/Pebble/aplite/lib/libpebble.a(tmpPZqFWZpebble.o)
 .text.rot_bitmap_layer_set_corner_clip_color
                0x0000000000000000        0xc /Users/brandonwalsh/pebble-dev/PebbleSDK-3.0-dp3/Pebble/aplite/lib/libpebble.a(tmpPZqFWZpebble.o)
 .text.rot_bitmap_set_compositing_mode
                0x0000000000000000        0xc /Users/brandonwalsh/pebble-dev/PebbleSDK-3.0-dp3/Pebble/aplite/lib/libpebble.a(tmpPZqFWZpebble.o)
 .text.rot_bitmap_set_src_ic
                0x0000000000000000        0xc /Users/brandonwalsh/pebble-dev/PebbleSDK-3.0-dp3/Pebble/aplite/lib/libpebble.a(tmpPZqFWZpebble.o)
 .text.scroll_layer_add_child
                0x0000000000000000        0xc /Users/brandonwalsh/pebble-dev/PebbleSDK-3.0-dp3/Pebble/aplite/lib/libpebble.a(tmpPZqFWZpebble.o)
 .text.scroll_layer_create
                0x0000000000000000        0xc /Users/brandonwalsh/pebble-dev/PebbleSDK-3.0-dp3/Pebble/aplite/lib/libpebble.a(tmpPZqFWZpebble.o)
 .text.scroll_layer_destroy
                0x0000000000000000        0xc /Users/brandonwalsh/pebble-dev/PebbleSDK-3.0-dp3/Pebble/aplite/lib/libpebble.a(tmpPZqFWZpebble.o)
 .text.scroll_layer_get_content_offset
                0x0000000000000000        0xc /Users/brandonwalsh/pebble-dev/PebbleSDK-3.0-dp3/Pebble/aplite/lib/libpebble.a(tmpPZqFWZpebble.o)
 .text.scroll_layer_get_content_size
                0x0000000000000000        0xc /Users/brandonwalsh/pebble-dev/PebbleSDK-3.0-dp3/Pebble/aplite/lib/libpebble.a(tmpPZqFWZpebble.o)
 .text.scroll_layer_get_layer
                0x0000000000000000        0xc /Users/brandonwalsh/pebble-dev/PebbleSDK-3.0-dp3/Pebble/aplite/lib/libpebble.a(tmpPZqFWZpebble.o)
 .text.scroll_layer_get_shadow_hidden
                0x0000000000000000        0xc /Users/brandonwalsh/pebble-dev/PebbleSDK-3.0-dp3/Pebble/aplite/lib/libpebble.a(tmpPZqFWZpebble.o)
 .text.scroll_layer_scroll_down_click_handler
                0x0000000000000000        0xc /Users/brandonwalsh/pebble-dev/PebbleSDK-3.0-dp3/Pebble/aplite/lib/libpebble.a(tmpPZqFWZpebble.o)
 .text.scroll_layer_scroll_up_click_handler
                0x0000000000000000        0xc /Users/brandonwalsh/pebble-dev/PebbleSDK-3.0-dp3/Pebble/aplite/lib/libpebble.a(tmpPZqFWZpebble.o)
 .text.scroll_layer_set_callbacks
                0x0000000000000000        0xc /Users/brandonwalsh/pebble-dev/PebbleSDK-3.0-dp3/Pebble/aplite/lib/libpebble.a(tmpPZqFWZpebble.o)
 .text.scroll_layer_set_click_config_onto_window
                0x0000000000000000        0xc /Users/brandonwalsh/pebble-dev/PebbleSDK-3.0-dp3/Pebble/aplite/lib/libpebble.a(tmpPZqFWZpebble.o)
 .text.scroll_layer_set_content_offset
                0x0000000000000000        0xc /Users/brandonwalsh/pebble-dev/PebbleSDK-3.0-dp3/Pebble/aplite/lib/libpebble.a(tmpPZqFWZpebble.o)
 .text.scroll_layer_set_content_size
                0x0000000000000000        0xc /Users/brandonwalsh/pebble-dev/PebbleSDK-3.0-dp3/Pebble/aplite/lib/libpebble.a(tmpPZqFWZpebble.o)
 .text.scroll_layer_set_context
                0x0000000000000000        0xc /Users/brandonwalsh/pebble-dev/PebbleSDK-3.0-dp3/Pebble/aplite/lib/libpebble.a(tmpPZqFWZpebble.o)
 .text.scroll_layer_set_frame
                0x0000000000000000        0xc /Users/brandonwalsh/pebble-dev/PebbleSDK-3.0-dp3/Pebble/aplite/lib/libpebble.a(tmpPZqFWZpebble.o)
 .text.scroll_layer_set_shadow_hidden
                0x0000000000000000        0xc /Users/brandonwalsh/pebble-dev/PebbleSDK-3.0-dp3/Pebble/aplite/lib/libpebble.a(tmpPZqFWZpebble.o)
 .text.simple_menu_layer_create
                0x0000000000000000        0xc /Users/brandonwalsh/pebble-dev/PebbleSDK-3.0-dp3/Pebble/aplite/lib/libpebble.a(tmpPZqFWZpebble.o)
 .text.simple_menu_layer_destroy
                0x0000000000000000        0xc /Users/brandonwalsh/pebble-dev/PebbleSDK-3.0-dp3/Pebble/aplite/lib/libpebble.a(tmpPZqFWZpebble.o)
 .text.simple_menu_layer_get_layer
                0x0000000000000000        0xc /Users/brandonwalsh/pebble-dev/PebbleSDK-3.0-dp3/Pebble/aplite/lib/libpebble.a(tmpPZqFWZpebble.o)
 .text.simple_menu_layer_get_selected_index
                0x0000000000000000        0xc /Users/brandonwalsh/pebble-dev/PebbleSDK-3.0-dp3/Pebble/aplite/lib/libpebble.a(tmpPZqFWZpebble.o)
 .text.simple_menu_layer_set_selected_index
                0x0000000000000000        0xc /Users/brandonwalsh/pebble-dev/PebbleSDK-3.0-dp3/Pebble/aplite/lib/libpebble.a(tmpPZqFWZpebble.o)
 .text.sin_lookup
                0x0000000000000000        0xc /Users/brandonwalsh/pebble-dev/PebbleSDK-3.0-dp3/Pebble/aplite/lib/libpebble.a(tmpPZqFWZpebble.o)
 .text.snprintf
                0x0000000000000000        0xc /Users/brandonwalsh/pebble-dev/PebbleSDK-3.0-dp3/Pebble/aplite/lib/libpebble.a(tmpPZqFWZpebble.o)
 .text.srand    0x0000000000000000        0xc /Users/brandonwalsh/pebble-dev/PebbleSDK-3.0-dp3/Pebble/aplite/lib/libpebble.a(tmpPZqFWZpebble.o)
 .text.strcat   0x0000000000000000        0xc /Users/brandonwalsh/pebble-dev/PebbleSDK-3.0-dp3/Pebble/aplite/lib/libpebble.a(tmpPZqFWZpebble.o)
 .text.strcmp   0x0000000000000000        0xc /Users/brandonwalsh/pebble-dev/PebbleSDK-3.0-dp3/Pebble/aplite/lib/libpebble.a(tmpPZqFWZpebble.o)
 .text.strcpy   0x0000000000000000        0xc /Users/brandonwalsh/pebble-dev/PebbleSDK-3.0-dp3/Pebble/aplite/lib/libpebble.a(tmpPZqFWZpebble.o)
 .text.strftime
                0x0000000000000000        0xc /Users/brandonwalsh/pebble-dev/PebbleSDK-3.0-dp3/Pebble/aplite/lib/libpebble.a(tmpPZqFWZpebble.o)
 .text.strlen   0x0000000000000000        0xc /Users/brandonwalsh/pebble-dev/PebbleSDK-3.0-dp3/Pebble/aplite/lib/libpebble.a(tmpPZqFWZpebble.o)
 .text.strncat  0x0000000000000000        0xc /Users/brandonwalsh/pebble-dev/PebbleSDK-3.0-dp3/Pebble/aplite/lib/libpebble.a(tmpPZqFWZpebble.o)
 .text.strncmp  0x0000000000000000        0xc /Users/brandonwalsh/pebble-dev/PebbleSDK-3.0-dp3/Pebble/aplite/lib/libpebble.a(tmpPZqFWZpebble.o)
 .text.strncpy  0x0000000000000000        0xc /Users/brandonwalsh/pebble-dev/PebbleSDK-3.0-dp3/Pebble/aplite/lib/libpebble.a(tmpPZqFWZpebble.o)
 .text.text_layer_get_content_size
                0x0000000000000000        0xc /Users/brandonwalsh/pebble-dev/PebbleSDK-3.0-dp3/Pebble/aplite/lib/libpebble.a(tmpPZqFWZpebble.o)
 .text.text_layer_get_text
                0x0000000000000000        0xc /Users/brandonwalsh/pebble-dev/PebbleSDK-3.0-dp3/Pebble/aplite/lib/libpebble.a(tmpPZqFWZpebble.o)
 .text.text_layer_set_background_color
                0x0000000000000000        0xc /Users/brandonwalsh/pebble-dev/PebbleSDK-3.0-dp3/Pebble/aplite/lib/libpebble.a(tmpPZqFWZpebble.o)
 .text.text_layer_set_overflow_mode
                0x0000000000000000        0xc /Users/brandonwalsh/pebble-dev/PebbleSDK-3.0-dp3/Pebble/aplite/lib/libpebble.a(tmpPZqFWZpebble.o)
 .text.text_layer_set_size
                0x0000000000000000        0xc /Users/brandonwalsh/pebble-dev/PebbleSDK-3.0-dp3/Pebble/aplite/lib/libpebble.a(tmpPZqFWZpebble.o)
 .text.text_layer_set_text_color
                0x0000000000000000        0xc /Users/brandonwalsh/pebble-dev/PebbleSDK-3.0-dp3/Pebble/aplite/lib/libpebble.a(tmpPZqFWZpebble.o)
 .text.tick_timer_service_subscribe
                0x0000000000000000        0xc /Users/brandonwalsh/pebble-dev/PebbleSDK-3.0-dp3/Pebble/aplite/lib/libpebble.a(tmpPZqFWZpebble.o)
 .text.tick_timer_service_unsubscribe
                0x0000000000000000        0xc /Users/brandonwalsh/pebble-dev/PebbleSDK-3.0-dp3/Pebble/aplite/lib/libpebble.a(tmpPZqFWZpebble.o)
 .text.time     0x0000000000000000        0xc /Users/brandonwalsh/pebble-dev/PebbleSDK-3.0-dp3/Pebble/aplite/lib/libpebble.a(tmpPZqFWZpebble.o)
 .text.time_ms  0x0000000000000000        0xc /Users/brandonwalsh/pebble-dev/PebbleSDK-3.0-dp3/Pebble/aplite/lib/libpebble.a(tmpPZqFWZpebble.o)
 .text.vibes_cancel
                0x0000000000000000        0xc /Users/brandonwalsh/pebble-dev/PebbleSDK-3.0-dp3/Pebble/aplite/lib/libpebble.a(tmpPZqFWZpebble.o)
 .text.vibes_double_pulse
                0x0000000000000000        0xc /Users/brandonwalsh/pebble-dev/PebbleSDK-3.0-dp3/Pebble/aplite/lib/libpebble.a(tmpPZqFWZpebble.o)
 .text.vibes_enqueue_custom_pattern
                0x0000000000000000        0xc /Users/brandonwalsh/pebble-dev/PebbleSDK-3.0-dp3/Pebble/aplite/lib/libpebble.a(tmpPZqFWZpebble.o)
 .text.vibes_long_pulse
                0x0000000000000000        0xc /Users/brandonwalsh/pebble-dev/PebbleSDK-3.0-dp3/Pebble/aplite/lib/libpebble.a(tmpPZqFWZpebble.o)
 .text.vibes_short_pulse
                0x0000000000000000        0xc /Users/brandonwalsh/pebble-dev/PebbleSDK-3.0-dp3/Pebble/aplite/lib/libpebble.a(tmpPZqFWZpebble.o)
 .text.window_get_click_config_provider
                0x0000000000000000        0xc /Users/brandonwalsh/pebble-dev/PebbleSDK-3.0-dp3/Pebble/aplite/lib/libpebble.a(tmpPZqFWZpebble.o)
 .text.window_get_fullscreen
                0x0000000000000000        0xc /Users/brandonwalsh/pebble-dev/PebbleSDK-3.0-dp3/Pebble/aplite/lib/libpebble.a(tmpPZqFWZpebble.o)
 .text.window_is_loaded
                0x0000000000000000        0xc /Users/brandonwalsh/pebble-dev/PebbleSDK-3.0-dp3/Pebble/aplite/lib/libpebble.a(tmpPZqFWZpebble.o)
 .text.window_set_background_color
                0x0000000000000000        0xc /Users/brandonwalsh/pebble-dev/PebbleSDK-3.0-dp3/Pebble/aplite/lib/libpebble.a(tmpPZqFWZpebble.o)
 .text.window_set_click_config_provider
                0x0000000000000000        0xc /Users/brandonwalsh/pebble-dev/PebbleSDK-3.0-dp3/Pebble/aplite/lib/libpebble.a(tmpPZqFWZpebble.o)
 .text.window_set_click_config_provider_with_context
                0x0000000000000000        0xc /Users/brandonwalsh/pebble-dev/PebbleSDK-3.0-dp3/Pebble/aplite/lib/libpebble.a(tmpPZqFWZpebble.o)
 .text.window_set_fullscreen
                0x0000000000000000        0xc /Users/brandonwalsh/pebble-dev/PebbleSDK-3.0-dp3/Pebble/aplite/lib/libpebble.a(tmpPZqFWZpebble.o)
 .text.window_set_status_bar_icon
                0x0000000000000000        0xc /Users/brandonwalsh/pebble-dev/PebbleSDK-3.0-dp3/Pebble/aplite/lib/libpebble.a(tmpPZqFWZpebble.o)
 .text.window_stack_contains_window
                0x0000000000000000        0xc /Users/brandonwalsh/pebble-dev/PebbleSDK-3.0-dp3/Pebble/aplite/lib/libpebble.a(tmpPZqFWZpebble.o)
 .text.window_stack_get_top_window
                0x0000000000000000        0xc /Users/brandonwalsh/pebble-dev/PebbleSDK-3.0-dp3/Pebble/aplite/lib/libpebble.a(tmpPZqFWZpebble.o)
 .text.window_stack_pop
                0x0000000000000000        0xc /Users/brandonwalsh/pebble-dev/PebbleSDK-3.0-dp3/Pebble/aplite/lib/libpebble.a(tmpPZqFWZpebble.o)
 .text.window_stack_pop_all
                0x0000000000000000        0xc /Users/brandonwalsh/pebble-dev/PebbleSDK-3.0-dp3/Pebble/aplite/lib/libpebble.a(tmpPZqFWZpebble.o)
 .text.window_stack_remove
                0x0000000000000000        0xc /Users/brandonwalsh/pebble-dev/PebbleSDK-3.0-dp3/Pebble/aplite/lib/libpebble.a(tmpPZqFWZpebble.o)
 .text.app_focus_service_subscribe
                0x0000000000000000        0xc /Users/brandonwalsh/pebble-dev/PebbleSDK-3.0-dp3/Pebble/aplite/lib/libpebble.a(tmpPZqFWZpebble.o)
 .text.app_focus_service_unsubscribe
                0x0000000000000000        0xc /Users/brandonwalsh/pebble-dev/PebbleSDK-3.0-dp3/Pebble/aplite/lib/libpebble.a(tmpPZqFWZpebble.o)
 .text.window_get_user_data
                0x0000000000000000        0xc /Users/brandonwalsh/pebble-dev/PebbleSDK-3.0-dp3/Pebble/aplite/lib/libpebble.a(tmpPZqFWZpebble.o)
 .text.window_set_user_data
                0x0000000000000000        0xc /Users/brandonwalsh/pebble-dev/PebbleSDK-3.0-dp3/Pebble/aplite/lib/libpebble.a(tmpPZqFWZpebble.o)
 .text.app_message_get_context
                0x0000000000000000        0xc /Users/brandonwalsh/pebble-dev/PebbleSDK-3.0-dp3/Pebble/aplite/lib/libpebble.a(tmpPZqFWZpebble.o)
 .text.app_message_outbox_begin
                0x0000000000000000        0xc /Users/brandonwalsh/pebble-dev/PebbleSDK-3.0-dp3/Pebble/aplite/lib/libpebble.a(tmpPZqFWZpebble.o)
 .text.app_message_outbox_send
                0x0000000000000000        0xc /Users/brandonwalsh/pebble-dev/PebbleSDK-3.0-dp3/Pebble/aplite/lib/libpebble.a(tmpPZqFWZpebble.o)
 .text.app_message_register_outbox_failed
                0x0000000000000000        0xc /Users/brandonwalsh/pebble-dev/PebbleSDK-3.0-dp3/Pebble/aplite/lib/libpebble.a(tmpPZqFWZpebble.o)
 .text.app_message_register_outbox_sent
                0x0000000000000000        0xc /Users/brandonwalsh/pebble-dev/PebbleSDK-3.0-dp3/Pebble/aplite/lib/libpebble.a(tmpPZqFWZpebble.o)
 .text.app_message_set_context
                0x0000000000000000        0xc /Users/brandonwalsh/pebble-dev/PebbleSDK-3.0-dp3/Pebble/aplite/lib/libpebble.a(tmpPZqFWZpebble.o)
 .text.window_long_click_subscribe
                0x0000000000000000        0xc /Users/brandonwalsh/pebble-dev/PebbleSDK-3.0-dp3/Pebble/aplite/lib/libpebble.a(tmpPZqFWZpebble.o)
 .text.window_multi_click_subscribe
                0x0000000000000000        0xc /Users/brandonwalsh/pebble-dev/PebbleSDK-3.0-dp3/Pebble/aplite/lib/libpebble.a(tmpPZqFWZpebble.o)
 .text.window_raw_click_subscribe
                0x0000000000000000        0xc /Users/brandonwalsh/pebble-dev/PebbleSDK-3.0-dp3/Pebble/aplite/lib/libpebble.a(tmpPZqFWZpebble.o)
 .text.window_set_click_context
                0x0000000000000000        0xc /Users/brandonwalsh/pebble-dev/PebbleSDK-3.0-dp3/Pebble/aplite/lib/libpebble.a(tmpPZqFWZpebble.o)
 .text.window_single_click_subscribe
                0x0000000000000000        0xc /Users/brandonwalsh/pebble-dev/PebbleSDK-3.0-dp3/Pebble/aplite/lib/libpebble.a(tmpPZqFWZpebble.o)
 .text.window_single_repeating_click_subscribe
                0x0000000000000000        0xc /Users/brandonwalsh/pebble-dev/PebbleSDK-3.0-dp3/Pebble/aplite/lib/libpebble.a(tmpPZqFWZpebble.o)
 .text.graphics_draw_text
                0x0000000000000000        0xc /Users/brandonwalsh/pebble-dev/PebbleSDK-3.0-dp3/Pebble/aplite/lib/libpebble.a(tmpPZqFWZpebble.o)
 .text.dict_serialize_tuplets_to_buffer
                0x0000000000000000        0xc /Users/brandonwalsh/pebble-dev/PebbleSDK-3.0-dp3/Pebble/aplite/lib/libpebble.a(tmpPZqFWZpebble.o)
 .text.persist_read_string
                0x0000000000000000        0xc /Users/brandonwalsh/pebble-dev/PebbleSDK-3.0-dp3/Pebble/aplite/lib/libpebble.a(tmpPZqFWZpebble.o)
 .text.persist_write_data
                0x0000000000000000        0xc /Users/brandonwalsh/pebble-dev/PebbleSDK-3.0-dp3/Pebble/aplite/lib/libpebble.a(tmpPZqFWZpebble.o)
 .text.dict_size
                0x0000000000000000        0xc /Users/brandonwalsh/pebble-dev/PebbleSDK-3.0-dp3/Pebble/aplite/lib/libpebble.a(tmpPZqFWZpebble.o)
 .text.graphics_text_layout_get_content_size
                0x0000000000000000        0xc /Users/brandonwalsh/pebble-dev/PebbleSDK-3.0-dp3/Pebble/aplite/lib/libpebble.a(tmpPZqFWZpebble.o)
 .text.simple_menu_layer_get_menu_layer
                0x0000000000000000        0xc /Users/brandonwalsh/pebble-dev/PebbleSDK-3.0-dp3/Pebble/aplite/lib/libpebble.a(tmpPZqFWZpebble.o)
 .text.accel_data_service_subscribe
                0x0000000000000000        0xc /Users/brandonwalsh/pebble-dev/PebbleSDK-3.0-dp3/Pebble/aplite/lib/libpebble.a(tmpPZqFWZpebble.o)
 .text.calloc   0x0000000000000000        0xc /Users/brandonwalsh/pebble-dev/PebbleSDK-3.0-dp3/Pebble/aplite/lib/libpebble.a(tmpPZqFWZpebble.o)
 .text.bitmap_layer_get_bitmap
                0x0000000000000000        0xc /Users/brandonwalsh/pebble-dev/PebbleSDK-3.0-dp3/Pebble/aplite/lib/libpebble.a(tmpPZqFWZpebble.o)
 .text.window_get_click_config_context
                0x0000000000000000        0xc /Users/brandonwalsh/pebble-dev/PebbleSDK-3.0-dp3/Pebble/aplite/lib/libpebble.a(tmpPZqFWZpebble.o)
 .text.number_window_get_window
                0x0000000000000000        0xc /Users/brandonwalsh/pebble-dev/PebbleSDK-3.0-dp3/Pebble/aplite/lib/libpebble.a(tmpPZqFWZpebble.o)
 .text.realloc  0x0000000000000000        0xc /Users/brandonwalsh/pebble-dev/PebbleSDK-3.0-dp3/Pebble/aplite/lib/libpebble.a(tmpPZqFWZpebble.o)
 .text.gbitmap_create_blank
                0x0000000000000000        0xc /Users/brandonwalsh/pebble-dev/PebbleSDK-3.0-dp3/Pebble/aplite/lib/libpebble.a(tmpPZqFWZpebble.o)
 .text.click_recognizer_is_repeating
                0x0000000000000000        0xc /Users/brandonwalsh/pebble-dev/PebbleSDK-3.0-dp3/Pebble/aplite/lib/libpebble.a(tmpPZqFWZpebble.o)
 .text.accel_raw_data_service_subscribe
                0x0000000000000000        0xc /Users/brandonwalsh/pebble-dev/PebbleSDK-3.0-dp3/Pebble/aplite/lib/libpebble.a(tmpPZqFWZpebble.o)
 .text.app_worker_is_running
                0x0000000000000000        0xc /Users/brandonwalsh/pebble-dev/PebbleSDK-3.0-dp3/Pebble/aplite/lib/libpebble.a(tmpPZqFWZpebble.o)
 .text.app_worker_kill
                0x0000000000000000        0xc /Users/brandonwalsh/pebble-dev/PebbleSDK-3.0-dp3/Pebble/aplite/lib/libpebble.a(tmpPZqFWZpebble.o)
 .text.app_worker_launch
                0x0000000000000000        0xc /Users/brandonwalsh/pebble-dev/PebbleSDK-3.0-dp3/Pebble/aplite/lib/libpebble.a(tmpPZqFWZpebble.o)
 .text.app_worker_message_subscribe
                0x0000000000000000        0xc /Users/brandonwalsh/pebble-dev/PebbleSDK-3.0-dp3/Pebble/aplite/lib/libpebble.a(tmpPZqFWZpebble.o)
 .text.app_worker_message_unsubscribe
                0x0000000000000000        0xc /Users/brandonwalsh/pebble-dev/PebbleSDK-3.0-dp3/Pebble/aplite/lib/libpebble.a(tmpPZqFWZpebble.o)
 .text.app_worker_send_message
                0x0000000000000000        0xc /Users/brandonwalsh/pebble-dev/PebbleSDK-3.0-dp3/Pebble/aplite/lib/libpebble.a(tmpPZqFWZpebble.o)
 .text.worker_event_loop
                0x0000000000000000        0xc /Users/brandonwalsh/pebble-dev/PebbleSDK-3.0-dp3/Pebble/aplite/lib/libpebble.a(tmpPZqFWZpebble.o)
 .text.worker_launch_app
                0x0000000000000000        0xc /Users/brandonwalsh/pebble-dev/PebbleSDK-3.0-dp3/Pebble/aplite/lib/libpebble.a(tmpPZqFWZpebble.o)
 .text.heap_bytes_free
                0x0000000000000000        0xc /Users/brandonwalsh/pebble-dev/PebbleSDK-3.0-dp3/Pebble/aplite/lib/libpebble.a(tmpPZqFWZpebble.o)
 .text.heap_bytes_used
                0x0000000000000000        0xc /Users/brandonwalsh/pebble-dev/PebbleSDK-3.0-dp3/Pebble/aplite/lib/libpebble.a(tmpPZqFWZpebble.o)
 .text.compass_service_peek
                0x0000000000000000        0xc /Users/brandonwalsh/pebble-dev/PebbleSDK-3.0-dp3/Pebble/aplite/lib/libpebble.a(tmpPZqFWZpebble.o)
 .text.compass_service_set_heading_filter
                0x0000000000000000        0xc /Users/brandonwalsh/pebble-dev/PebbleSDK-3.0-dp3/Pebble/aplite/lib/libpebble.a(tmpPZqFWZpebble.o)
 .text.compass_service_subscribe
                0x0000000000000000        0xc /Users/brandonwalsh/pebble-dev/PebbleSDK-3.0-dp3/Pebble/aplite/lib/libpebble.a(tmpPZqFWZpebble.o)
 .text.compass_service_unsubscribe
                0x0000000000000000        0xc /Users/brandonwalsh/pebble-dev/PebbleSDK-3.0-dp3/Pebble/aplite/lib/libpebble.a(tmpPZqFWZpebble.o)
 .text.uuid_equal
                0x0000000000000000        0xc /Users/brandonwalsh/pebble-dev/PebbleSDK-3.0-dp3/Pebble/aplite/lib/libpebble.a(tmpPZqFWZpebble.o)
 .text.uuid_to_string
                0x0000000000000000        0xc /Users/brandonwalsh/pebble-dev/PebbleSDK-3.0-dp3/Pebble/aplite/lib/libpebble.a(tmpPZqFWZpebble.o)
 .text.gpath_draw_filled
                0x0000000000000000        0xc /Users/brandonwalsh/pebble-dev/PebbleSDK-3.0-dp3/Pebble/aplite/lib/libpebble.a(tmpPZqFWZpebble.o)
 .text.animation_set_custom_curve
                0x0000000000000000        0xc /Users/brandonwalsh/pebble-dev/PebbleSDK-3.0-dp3/Pebble/aplite/lib/libpebble.a(tmpPZqFWZpebble.o)
 .text.watch_info_get_color
                0x0000000000000000        0xc /Users/brandonwalsh/pebble-dev/PebbleSDK-3.0-dp3/Pebble/aplite/lib/libpebble.a(tmpPZqFWZpebble.o)
 .text.watch_info_get_firmware_version
                0x0000000000000000        0xc /Users/brandonwalsh/pebble-dev/PebbleSDK-3.0-dp3/Pebble/aplite/lib/libpebble.a(tmpPZqFWZpebble.o)
 .text.watch_info_get_model
                0x0000000000000000        0xc /Users/brandonwalsh/pebble-dev/PebbleSDK-3.0-dp3/Pebble/aplite/lib/libpebble.a(tmpPZqFWZpebble.o)
 .text.graphics_capture_frame_buffer
                0x0000000000000000        0xc /Users/brandonwalsh/pebble-dev/PebbleSDK-3.0-dp3/Pebble/aplite/lib/libpebble.a(tmpPZqFWZpebble.o)
 .text.graphics_frame_buffer_is_captured
                0x0000000000000000        0xc /Users/brandonwalsh/pebble-dev/PebbleSDK-3.0-dp3/Pebble/aplite/lib/libpebble.a(tmpPZqFWZpebble.o)
 .text.graphics_release_frame_buffer
                0x0000000000000000        0xc /Users/brandonwalsh/pebble-dev/PebbleSDK-3.0-dp3/Pebble/aplite/lib/libpebble.a(tmpPZqFWZpebble.o)
 .text.clock_to_timestamp
                0x0000000000000000        0xc /Users/brandonwalsh/pebble-dev/PebbleSDK-3.0-dp3/Pebble/aplite/lib/libpebble.a(tmpPZqFWZpebble.o)
 .text.launch_reason
                0x0000000000000000        0xc /Users/brandonwalsh/pebble-dev/PebbleSDK-3.0-dp3/Pebble/aplite/lib/libpebble.a(tmpPZqFWZpebble.o)
 .text.wakeup_cancel
                0x0000000000000000        0xc /Users/brandonwalsh/pebble-dev/PebbleSDK-3.0-dp3/Pebble/aplite/lib/libpebble.a(tmpPZqFWZpebble.o)
 .text.wakeup_cancel_all
                0x0000000000000000        0xc /Users/brandonwalsh/pebble-dev/PebbleSDK-3.0-dp3/Pebble/aplite/lib/libpebble.a(tmpPZqFWZpebble.o)
 .text.wakeup_get_launch_event
                0x0000000000000000        0xc /Users/brandonwalsh/pebble-dev/PebbleSDK-3.0-dp3/Pebble/aplite/lib/libpebble.a(tmpPZqFWZpebble.o)
 .text.wakeup_query
                0x0000000000000000        0xc /Users/brandonwalsh/pebble-dev/PebbleSDK-3.0-dp3/Pebble/aplite/lib/libpebble.a(tmpPZqFWZpebble.o)
 .text.wakeup_schedule
                0x0000000000000000        0xc /Users/brandonwalsh/pebble-dev/PebbleSDK-3.0-dp3/Pebble/aplite/lib/libpebble.a(tmpPZqFWZpebble.o)
 .text.wakeup_service_subscribe
                0x0000000000000000        0xc /Users/brandonwalsh/pebble-dev/PebbleSDK-3.0-dp3/Pebble/aplite/lib/libpebble.a(tmpPZqFWZpebble.o)
 .text.clock_is_timezone_set
                0x0000000000000000        0xc /Users/brandonwalsh/pebble-dev/PebbleSDK-3.0-dp3/Pebble/aplite/lib/libpebble.a(tmpPZqFWZpebble.o)
 .text.i18n_get_system_locale
                0x0000000000000000        0xc /Users/brandonwalsh/pebble-dev/PebbleSDK-3.0-dp3/Pebble/aplite/lib/libpebble.a(tmpPZqFWZpebble.o)
 .text._localeconv_r
                0x0000000000000000        0xc /Users/brandonwalsh/pebble-dev/PebbleSDK-3.0-dp3/Pebble/aplite/lib/libpebble.a(tmpPZqFWZpebble.o)
 .text.setlocale
                0x0000000000000000        0xc /Users/brandonwalsh/pebble-dev/PebbleSDK-3.0-dp3/Pebble/aplite/lib/libpebble.a(tmpPZqFWZpebble.o)
 .text.mktime   0x0000000000000000        0xc /Users/brandonwalsh/pebble-dev/PebbleSDK-3.0-dp3/Pebble/aplite/lib/libpebble.a(tmpPZqFWZpebble.o)
 .text          0x0000000000000000        0x0 /Users/brandonwalsh/pebble-dev/PebbleSDK-3.0-dp3/arm-cs-tools/bin/../lib/gcc/arm-none-eabi/4.7.2/thumb2/crtend.o
 .bss           0x0000000000000000        0x0 /Users/brandonwalsh/pebble-dev/PebbleSDK-3.0-dp3/arm-cs-tools/bin/../lib/gcc/arm-none-eabi/4.7.2/thumb2/crtend.o
 .eh_frame      0x0000000000000000        0x4 /Users/brandonwalsh/pebble-dev/PebbleSDK-3.0-dp3/arm-cs-tools/bin/../lib/gcc/arm-none-eabi/4.7.2/thumb2/crtend.o
 .jcr           0x0000000000000000        0x4 /Users/brandonwalsh/pebble-dev/PebbleSDK-3.0-dp3/arm-cs-tools/bin/../lib/gcc/arm-none-eabi/4.7.2/thumb2/crtend.o
 .tm_clone_table
                0x0000000000000000        0x0 /Users/brandonwalsh/pebble-dev/PebbleSDK-3.0-dp3/arm-cs-tools/bin/../lib/gcc/arm-none-eabi/4.7.2/thumb2/crtend.o
 .text          0x0000000000000000        0x0 /Users/brandonwalsh/pebble-dev/PebbleSDK-3.0-dp3/arm-cs-tools/bin/../lib/gcc/arm-none-eabi/4.7.2/thumb2/crtn.o
 .bss           0x0000000000000000        0x0 /Users/brandonwalsh/pebble-dev/PebbleSDK-3.0-dp3/arm-cs-tools/bin/../lib/gcc/arm-none-eabi/4.7.2/thumb2/crtn.o
 .init          0x0000000000000000        0x8 /Users/brandonwalsh/pebble-dev/PebbleSDK-3.0-dp3/arm-cs-tools/bin/../lib/gcc/arm-none-eabi/4.7.2/thumb2/crtn.o
 .fini          0x0000000000000000        0x8 /Users/brandonwalsh/pebble-dev/PebbleSDK-3.0-dp3/arm-cs-tools/bin/../lib/gcc/arm-none-eabi/4.7.2/thumb2/crtn.o

Memory Configuration

Name             Origin             Length             Attributes
APP              0x0000000000000000 0x0000000000006000 xrw
*default*        0x0000000000000000 0xffffffffffffffff

Linker script and memory map

LOAD /Users/brandonwalsh/pebble-dev/PebbleSDK-3.0-dp3/arm-cs-tools/bin/../lib/gcc/arm-none-eabi/4.7.2/thumb2/crti.o
LOAD /Users/brandonwalsh/pebble-dev/PebbleSDK-3.0-dp3/arm-cs-tools/bin/../lib/gcc/arm-none-eabi/4.7.2/thumb2/crtbegin.o
LOAD src/main.c.18.o
LOAD aplite/appinfo.auto.c.18.o
LOAD /Users/brandonwalsh/pebble-dev/PebbleSDK-3.0-dp3/Pebble/aplite/lib/libpebble.a
START GROUP
LOAD /Users/brandonwalsh/pebble-dev/PebbleSDK-3.0-dp3/arm-cs-tools/bin/../lib/gcc/arm-none-eabi/4.7.2/thumb2/libgcc.a
LOAD /Users/brandonwalsh/pebble-dev/PebbleSDK-3.0-dp3/arm-cs-tools/bin/../lib/gcc/arm-none-eabi/4.7.2/../../../../arm-none-eabi/lib/thumb2/libc.a
END GROUP
LOAD /Users/brandonwalsh/pebble-dev/PebbleSDK-3.0-dp3/arm-cs-tools/bin/../lib/gcc/arm-none-eabi/4.7.2/thumb2/crtend.o
LOAD /Users/brandonwalsh/pebble-dev/PebbleSDK-3.0-dp3/arm-cs-tools/bin/../lib/gcc/arm-none-eabi/4.7.2/thumb2/crtn.o

.header         0x0000000000000000       0x82
 *(.pbl_header)
 .pbl_header    0x0000000000000000       0x82 aplite/appinfo.auto.c.18.o
                0x0000000000000000                __pbl_app_info

.note.gnu.build-id
                0x0000000000000082       0x26
                0x0000000000000082                PROVIDE (BUILD_ID, .)
 *(.note.gnu.build-id)
 *fill*         0x0000000000000082        0x2 
 .note.gnu.build-id
                0x0000000000000084       0x24 linker stubs

.text           0x00000000000000a8      0x8b6
 *(.text)
 .text          0x00000000000000a8       0x14 /Users/brandonwalsh/pebble-dev/PebbleSDK-3.0-dp3/Pebble/aplite/lib/libpebble.a(tmpPZqFWZpebble.o)
 *(.text.*)
 .text.menu_get_num_sections_callback
                0x00000000000000bc        0x4 src/main.c.18.o
 .text.menu_get_num_rows_callback
                0x00000000000000c0       0x18 src/main.c.18.o
 .text.menu_get_header_height_callback
                0x00000000000000d8        0x4 src/main.c.18.o
 .text.main_window_unload
                0x00000000000000dc       0x10 src/main.c.18.o
 .text.main_window_load
                0x00000000000000ec       0xac src/main.c.18.o
 .text.add_deck_window_unload
                0x0000000000000198       0x24 src/main.c.18.o
 .text.add_deck_window_load
                0x00000000000001bc       0xec src/main.c.18.o
 .text.menu_draw_header_callback
                0x00000000000002a8       0x20 src/main.c.18.o
 .text.inbox_dropped_callback
                0x00000000000002c8       0x7c src/main.c.18.o
 .text.inbox_received_callback
                0x0000000000000344       0x98 src/main.c.18.o
 .text.menu_select_callback
                0x00000000000003dc       0xb4 src/main.c.18.o
 .text.menu_draw_row_callback
                0x0000000000000490       0x84 src/main.c.18.o
 .text.startup.main
                0x0000000000000514       0xe0 src/main.c.18.o
                0x0000000000000514                main
 .text.app_event_loop
                0x00000000000005f4        0xc /Users/brandonwalsh/pebble-dev/PebbleSDK-3.0-dp3/Pebble/aplite/lib/libpebble.a(tmpPZqFWZpebble.o)
                0x00000000000005f4                app_event_loop
 .text.app_log  0x0000000000000600        0xc /Users/brandonwalsh/pebble-dev/PebbleSDK-3.0-dp3/Pebble/aplite/lib/libpebble.a(tmpPZqFWZpebble.o)
                0x0000000000000600                app_log
 .text.app_message_open
                0x000000000000060c        0xc /Users/brandonwalsh/pebble-dev/PebbleSDK-3.0-dp3/Pebble/aplite/lib/libpebble.a(tmpPZqFWZpebble.o)
                0x000000000000060c                app_message_open
 .text.bluetooth_connection_service_peek
                0x0000000000000618        0xc /Users/brandonwalsh/pebble-dev/PebbleSDK-3.0-dp3/Pebble/aplite/lib/libpebble.a(tmpPZqFWZpebble.o)
                0x0000000000000618                bluetooth_connection_service_peek
 .text.dict_read_first
                0x0000000000000624        0xc /Users/brandonwalsh/pebble-dev/PebbleSDK-3.0-dp3/Pebble/aplite/lib/libpebble.a(tmpPZqFWZpebble.o)
                0x0000000000000624                dict_read_first
 .text.dict_read_next
                0x0000000000000630        0xc /Users/brandonwalsh/pebble-dev/PebbleSDK-3.0-dp3/Pebble/aplite/lib/libpebble.a(tmpPZqFWZpebble.o)
                0x0000000000000630                dict_read_next
 .text.fonts_get_system_font
                0x000000000000063c        0xc /Users/brandonwalsh/pebble-dev/PebbleSDK-3.0-dp3/Pebble/aplite/lib/libpebble.a(tmpPZqFWZpebble.o)
                0x000000000000063c                fonts_get_system_font
 .text.layer_add_child
                0x0000000000000648        0xc /Users/brandonwalsh/pebble-dev/PebbleSDK-3.0-dp3/Pebble/aplite/lib/libpebble.a(tmpPZqFWZpebble.o)
                0x0000000000000648                layer_add_child
 .text.layer_get_frame
                0x0000000000000654        0xc /Users/brandonwalsh/pebble-dev/PebbleSDK-3.0-dp3/Pebble/aplite/lib/libpebble.a(tmpPZqFWZpebble.o)
                0x0000000000000654                layer_get_frame
 .text.memset   0x0000000000000660        0xc /Users/brandonwalsh/pebble-dev/PebbleSDK-3.0-dp3/Pebble/aplite/lib/libpebble.a(tmpPZqFWZpebble.o)
                0x0000000000000660                memset
 .text.menu_cell_basic_draw
                0x000000000000066c        0xc /Users/brandonwalsh/pebble-dev/PebbleSDK-3.0-dp3/Pebble/aplite/lib/libpebble.a(tmpPZqFWZpebble.o)
                0x000000000000066c                menu_cell_basic_draw
 .text.menu_cell_basic_header_draw
                0x0000000000000678        0xc /Users/brandonwalsh/pebble-dev/PebbleSDK-3.0-dp3/Pebble/aplite/lib/libpebble.a(tmpPZqFWZpebble.o)
                0x0000000000000678                menu_cell_basic_header_draw
 .text.menu_cell_title_draw
                0x0000000000000684        0xc /Users/brandonwalsh/pebble-dev/PebbleSDK-3.0-dp3/Pebble/aplite/lib/libpebble.a(tmpPZqFWZpebble.o)
                0x0000000000000684                menu_cell_title_draw
 .text.menu_layer_create
                0x0000000000000690        0xc /Users/brandonwalsh/pebble-dev/PebbleSDK-3.0-dp3/Pebble/aplite/lib/libpebble.a(tmpPZqFWZpebble.o)
                0x0000000000000690                menu_layer_create
 .text.menu_layer_destroy
                0x000000000000069c        0xc /Users/brandonwalsh/pebble-dev/PebbleSDK-3.0-dp3/Pebble/aplite/lib/libpebble.a(tmpPZqFWZpebble.o)
                0x000000000000069c                menu_layer_destroy
 .text.menu_layer_get_layer
                0x00000000000006a8        0xc /Users/brandonwalsh/pebble-dev/PebbleSDK-3.0-dp3/Pebble/aplite/lib/libpebble.a(tmpPZqFWZpebble.o)
                0x00000000000006a8                menu_layer_get_layer
 .text.menu_layer_set_click_config_onto_window
                0x00000000000006b4        0xc /Users/brandonwalsh/pebble-dev/PebbleSDK-3.0-dp3/Pebble/aplite/lib/libpebble.a(tmpPZqFWZpebble.o)
                0x00000000000006b4                menu_layer_set_click_config_onto_window
 .text.persist_exists
                0x00000000000006c0        0xc /Users/brandonwalsh/pebble-dev/PebbleSDK-3.0-dp3/Pebble/aplite/lib/libpebble.a(tmpPZqFWZpebble.o)
                0x00000000000006c0                persist_exists
 .text.text_layer_create
                0x00000000000006cc        0xc /Users/brandonwalsh/pebble-dev/PebbleSDK-3.0-dp3/Pebble/aplite/lib/libpebble.a(tmpPZqFWZpebble.o)
                0x00000000000006cc                text_layer_create
 .text.text_layer_destroy
                0x00000000000006d8        0xc /Users/brandonwalsh/pebble-dev/PebbleSDK-3.0-dp3/Pebble/aplite/lib/libpebble.a(tmpPZqFWZpebble.o)
                0x00000000000006d8                text_layer_destroy
 .text.text_layer_get_layer
                0x00000000000006e4        0xc /Users/brandonwalsh/pebble-dev/PebbleSDK-3.0-dp3/Pebble/aplite/lib/libpebble.a(tmpPZqFWZpebble.o)
                0x00000000000006e4                text_layer_get_layer
 .text.text_layer_set_font
                0x00000000000006f0        0xc /Users/brandonwalsh/pebble-dev/PebbleSDK-3.0-dp3/Pebble/aplite/lib/libpebble.a(tmpPZqFWZpebble.o)
                0x00000000000006f0                text_layer_set_font
 .text.text_layer_set_text
                0x00000000000006fc        0xc /Users/brandonwalsh/pebble-dev/PebbleSDK-3.0-dp3/Pebble/aplite/lib/libpebble.a(tmpPZqFWZpebble.o)
                0x00000000000006fc                text_layer_set_text
 .text.text_layer_set_text_alignment
                0x0000000000000708        0xc /Users/brandonwalsh/pebble-dev/PebbleSDK-3.0-dp3/Pebble/aplite/lib/libpebble.a(tmpPZqFWZpebble.o)
                0x0000000000000708                text_layer_set_text_alignment
 .text.window_create
                0x0000000000000714        0xc /Users/brandonwalsh/pebble-dev/PebbleSDK-3.0-dp3/Pebble/aplite/lib/libpebble.a(tmpPZqFWZpebble.o)
                0x0000000000000714                window_create
 .text.window_destroy
                0x0000000000000720        0xc /Users/brandonwalsh/pebble-dev/PebbleSDK-3.0-dp3/Pebble/aplite/lib/libpebble.a(tmpPZqFWZpebble.o)
                0x0000000000000720                window_destroy
 .text.window_get_root_layer
                0x000000000000072c        0xc /Users/brandonwalsh/pebble-dev/PebbleSDK-3.0-dp3/Pebble/aplite/lib/libpebble.a(tmpPZqFWZpebble.o)
                0x000000000000072c                window_get_root_layer
 .text.window_set_window_handlers
                0x0000000000000738        0xc /Users/brandonwalsh/pebble-dev/PebbleSDK-3.0-dp3/Pebble/aplite/lib/libpebble.a(tmpPZqFWZpebble.o)
                0x0000000000000738                window_set_window_handlers
 .text.window_stack_push
                0x0000000000000744        0xc /Users/brandonwalsh/pebble-dev/PebbleSDK-3.0-dp3/Pebble/aplite/lib/libpebble.a(tmpPZqFWZpebble.o)
                0x0000000000000744                window_stack_push
 .text.app_message_inbox_size_maximum
                0x0000000000000750        0xc /Users/brandonwalsh/pebble-dev/PebbleSDK-3.0-dp3/Pebble/aplite/lib/libpebble.a(tmpPZqFWZpebble.o)
                0x0000000000000750                app_message_inbox_size_maximum
 .text.app_message_outbox_size_maximum
                0x000000000000075c        0xc /Users/brandonwalsh/pebble-dev/PebbleSDK-3.0-dp3/Pebble/aplite/lib/libpebble.a(tmpPZqFWZpebble.o)
                0x000000000000075c                app_message_outbox_size_maximum
 .text.app_message_register_inbox_dropped
                0x0000000000000768        0xc /Users/brandonwalsh/pebble-dev/PebbleSDK-3.0-dp3/Pebble/aplite/lib/libpebble.a(tmpPZqFWZpebble.o)
                0x0000000000000768                app_message_register_inbox_dropped
 .text.app_message_register_inbox_received
                0x0000000000000774        0xc /Users/brandonwalsh/pebble-dev/PebbleSDK-3.0-dp3/Pebble/aplite/lib/libpebble.a(tmpPZqFWZpebble.o)
                0x0000000000000774                app_message_register_inbox_received
 .text.persist_read_data
                0x0000000000000780        0xc /Users/brandonwalsh/pebble-dev/PebbleSDK-3.0-dp3/Pebble/aplite/lib/libpebble.a(tmpPZqFWZpebble.o)
                0x0000000000000780                persist_read_data
 .text.menu_layer_set_callbacks
                0x000000000000078c        0xc /Users/brandonwalsh/pebble-dev/PebbleSDK-3.0-dp3/Pebble/aplite/lib/libpebble.a(tmpPZqFWZpebble.o)
                0x000000000000078c                menu_layer_set_callbacks
 *(.rodata)
 .rodata        0x0000000000000798        0x8 src/main.c.18.o
 *(.rodata*)
 .rodata.str1.1
                0x00000000000007a0      0x1be src/main.c.18.o
                                        0x1c9 (size before relaxing)

.glue_7         0x0000000000000960        0x0
 .glue_7        0x0000000000000000        0x0 linker stubs

.glue_7t        0x0000000000000960        0x0
 .glue_7t       0x0000000000000000        0x0 linker stubs

.vfp11_veneer   0x0000000000000960        0x0
 .vfp11_veneer  0x0000000000000000        0x0 linker stubs

.v4_bx          0x0000000000000960        0x0
 .v4_bx         0x0000000000000000        0x0 linker stubs

.iplt           0x0000000000000960        0x0
 .iplt          0x0000000000000000        0x0 /Users/brandonwalsh/pebble-dev/PebbleSDK-3.0-dp3/arm-cs-tools/bin/../lib/gcc/arm-none-eabi/4.7.2/thumb2/crtbegin.o

.rel.dyn        0x0000000000000960        0x0
 .rel.iplt      0x0000000000000000        0x0 /Users/brandonwalsh/pebble-dev/PebbleSDK-3.0-dp3/arm-cs-tools/bin/../lib/gcc/arm-none-eabi/4.7.2/thumb2/crtbegin.o
 .rel.got       0x0000000000000000        0x0 /Users/brandonwalsh/pebble-dev/PebbleSDK-3.0-dp3/arm-cs-tools/bin/../lib/gcc/arm-none-eabi/4.7.2/thumb2/crtbegin.o

.data           0x0000000000000960        0x4
 *(.data)
 .data          0x0000000000000960        0x0 /Users/brandonwalsh/pebble-dev/PebbleSDK-3.0-dp3/arm-cs-tools/bin/../lib/gcc/arm-none-eabi/4.7.2/thumb2/crti.o
 .data          0x0000000000000960        0x4 /Users/brandonwalsh/pebble-dev/PebbleSDK-3.0-dp3/arm-cs-tools/bin/../lib/gcc/arm-none-eabi/4.7.2/thumb2/crtbegin.o
                0x0000000000000960                __dso_handle
 .data          0x0000000000000964        0x0 src/main.c.18.o
 .data          0x0000000000000964        0x0 aplite/appinfo.auto.c.18.o
 .data          0x0000000000000964        0x0 /Users/brandonwalsh/pebble-dev/PebbleSDK-3.0-dp3/Pebble/aplite/lib/libpebble.a(tmpPZqFWZpebble.o)
 .data          0x0000000000000964        0x0 /Users/brandonwalsh/pebble-dev/PebbleSDK-3.0-dp3/arm-cs-tools/bin/../lib/gcc/arm-none-eabi/4.7.2/thumb2/crtend.o
 .data          0x0000000000000964        0x0 /Users/brandonwalsh/pebble-dev/PebbleSDK-3.0-dp3/arm-cs-tools/bin/../lib/gcc/arm-none-eabi/4.7.2/thumb2/crtn.o
 *(.data.*)

.igot.plt       0x0000000000000964        0x0
 .igot.plt      0x0000000000000000        0x0 /Users/brandonwalsh/pebble-dev/PebbleSDK-3.0-dp3/arm-cs-tools/bin/../lib/gcc/arm-none-eabi/4.7.2/thumb2/crtbegin.o

.got            0x0000000000000964        0x8
 .got           0x0000000000000964        0x8 /Users/brandonwalsh/pebble-dev/PebbleSDK-3.0-dp3/arm-cs-tools/bin/../lib/gcc/arm-none-eabi/4.7.2/thumb2/crtbegin.o

.got.plt        0x000000000000096c        0xc
 .got.plt       0x000000000000096c        0xc /Users/brandonwalsh/pebble-dev/PebbleSDK-3.0-dp3/arm-cs-tools/bin/../lib/gcc/arm-none-eabi/4.7.2/thumb2/crtbegin.o
                0x000000000000096c                _GLOBAL_OFFSET_TABLE_

.bss            0x0000000000000978      0x1a8
 *(.bss)
 *(.bss.*)
 .bss.num_of_items
                0x0000000000000978        0x2 src/main.c.18.o
                0x0000000000000978                num_of_items
 *fill*         0x000000000000097a        0x2 
 .bss.add_deck_window
                0x000000000000097c        0x4 src/main.c.18.o
 .bss.display_layer
                0x0000000000000980        0x4 src/main.c.18.o
 .bss.main_menu_layer
                0x0000000000000984        0x4 src/main.c.18.o
 .bss.main_menu_window
                0x0000000000000988        0x4 src/main.c.18.o
 COMMON         0x000000000000098c      0x194 src/main.c.18.o
                0x000000000000098c                no_items
                0x0000000000000990                decks

DISCARD
 libc.a(*)
 libm.a(*)
 libgcc.a(*)
 *(.eh_frame)
OUTPUT(/Users/brandonwalsh/Documents/Objective-C Stuff/Flashcards For Pebble/Pebble (watch app)/flashcards/build/aplite/pebble-app.elf elf32-littlearm)

.ARM.attributes
                0x0000000000000000       0x27
 .ARM.attributes
                0x0000000000000000       0x19 /Users/brandonwalsh/pebble-dev/PebbleSDK-3.0-dp3/arm-cs-tools/bin/../lib/gcc/arm-none-eabi/4.7.2/thumb2/crti.o
 .ARM.attributes
                0x0000000000000019       0x29 /Users/brandonwalsh/pebble-dev/PebbleSDK-3.0-dp3/arm-cs-tools/bin/../lib/gcc/arm-none-eabi/4.7.2/thumb2/crtbegin.o
 .ARM.attributes
                0x0000000000000042       0x33 src/main.c.18.o
 .ARM.attributes
                0x0000000000000075       0x33 aplite/appinfo.auto.c.18.o
 .ARM.attributes
                0x00000000000000a8       0x21 /Users/brandonwalsh/pebble-dev/PebbleSDK-3.0-dp3/Pebble/aplite/lib/libpebble.a(tmpPZqFWZpebble.o)
 .ARM.attributes
                0x00000000000000c9       0x29 /Users/brandonwalsh/pebble-dev/PebbleSDK-3.0-dp3/arm-cs-tools/bin/../lib/gcc/arm-none-eabi/4.7.2/thumb2/crtend.o
 .ARM.attributes
                0x00000000000000f2       0x19 /Users/brandonwalsh/pebble-dev/PebbleSDK-3.0-dp3/arm-cs-tools/bin/../lib/gcc/arm-none-eabi/4.7.2/thumb2/crtn.o

.comment        0x0000000000000000       0x4e
 .comment       0x0000000000000000       0x4e /Users/brandonwalsh/pebble-dev/PebbleSDK-3.0-dp3/arm-cs-tools/bin/../lib/gcc/arm-none-eabi/4.7.2/thumb2/crtbegin.o
                                         0x4f (size before relaxing)
 .comment       0x0000000000000000       0x4f src/main.c.18.o
 .comment       0x0000000000000000       0x4f aplite/appinfo.auto.c.18.o
 .comment       0x0000000000000000       0x4f /Users/brandonwalsh/pebble-dev/PebbleSDK-3.0-dp3/arm-cs-tools/bin/../lib/gcc/arm-none-eabi/4.7.2/thumb2/crtend.o

.debug_info     0x0000000000000000     0x1a2a
 .debug_info    0x0000000000000000     0x1728 src/main.c.18.o
 .debug_info    0x0000000000001728      0x302 aplite/appinfo.auto.c.18.o

.debug_abbrev   0x0000000000000000      0x47a
 .debug_abbrev  0x0000000000000000      0x3dc src/main.c.18.o
 .debug_abbrev  0x00000000000003dc       0x9e aplite/appinfo.auto.c.18.o

.debug_loc      0x0000000000000000      0x72a
 .debug_loc     0x0000000000000000      0x72a src/main.c.18.o

.debug_aranges  0x0000000000000000       0xa0
 .debug_aranges
                0x0000000000000000       0x88 src/main.c.18.o
 .debug_aranges
                0x0000000000000088       0x18 aplite/appinfo.auto.c.18.o

.debug_ranges   0x0000000000000000       0xd0
 .debug_ranges  0x0000000000000000       0xd0 src/main.c.18.o

.debug_line     0x0000000000000000      0x487
 .debug_line    0x0000000000000000      0x340 src/main.c.18.o
 .debug_line    0x0000000000000340      0x147 aplite/appinfo.auto.c.18.o

.debug_str      0x0000000000000000      0xdde
 .debug_str     0x0000000000000000      0xc62 src/main.c.18.o
                                        0xd16 (size before relaxing)
 .debug_str     0x0000000000000c62      0x17c aplite/appinfo.auto.c.18.o
                                        0x2b6 (size before relaxing)

.debug_frame    0x0000000000000000      0x180
 .debug_frame   0x0000000000000000      0x180 src/main.c.18.o
